Archive member included to satisfy reference by file (symbol)

c:/st/stm32cubeide_1.8.0/stm32cubeide/plugins/com.st.stm32cube.ide.mcu.externaltools.gnu-tools-for-stm32.9-2020-q2-update.win32_2.0.0.202105311346/tools/bin/../lib/gcc/arm-none-eabi/9.3.1/../../../../arm-none-eabi/lib/thumb/v6-m/nofp\libc_nano.a(lib_a-errno.o)
                              ./Core/Src/syscalls.o (__errno)
c:/st/stm32cubeide_1.8.0/stm32cubeide/plugins/com.st.stm32cube.ide.mcu.externaltools.gnu-tools-for-stm32.9-2020-q2-update.win32_2.0.0.202105311346/tools/bin/../lib/gcc/arm-none-eabi/9.3.1/../../../../arm-none-eabi/lib/thumb/v6-m/nofp\libc_nano.a(lib_a-exit.o)
                              c:/st/stm32cubeide_1.8.0/stm32cubeide/plugins/com.st.stm32cube.ide.mcu.externaltools.gnu-tools-for-stm32.9-2020-q2-update.win32_2.0.0.202105311346/tools/bin/../lib/gcc/arm-none-eabi/9.3.1/../../../../arm-none-eabi/lib/thumb/v6-m/nofp/crt0.o (exit)
c:/st/stm32cubeide_1.8.0/stm32cubeide/plugins/com.st.stm32cube.ide.mcu.externaltools.gnu-tools-for-stm32.9-2020-q2-update.win32_2.0.0.202105311346/tools/bin/../lib/gcc/arm-none-eabi/9.3.1/../../../../arm-none-eabi/lib/thumb/v6-m/nofp\libc_nano.a(lib_a-impure.o)
                              c:/st/stm32cubeide_1.8.0/stm32cubeide/plugins/com.st.stm32cube.ide.mcu.externaltools.gnu-tools-for-stm32.9-2020-q2-update.win32_2.0.0.202105311346/tools/bin/../lib/gcc/arm-none-eabi/9.3.1/../../../../arm-none-eabi/lib/thumb/v6-m/nofp\libc_nano.a(lib_a-exit.o) (_global_impure_ptr)
c:/st/stm32cubeide_1.8.0/stm32cubeide/plugins/com.st.stm32cube.ide.mcu.externaltools.gnu-tools-for-stm32.9-2020-q2-update.win32_2.0.0.202105311346/tools/bin/../lib/gcc/arm-none-eabi/9.3.1/../../../../arm-none-eabi/lib/thumb/v6-m/nofp\libc_nano.a(lib_a-init.o)
                              c:/st/stm32cubeide_1.8.0/stm32cubeide/plugins/com.st.stm32cube.ide.mcu.externaltools.gnu-tools-for-stm32.9-2020-q2-update.win32_2.0.0.202105311346/tools/bin/../lib/gcc/arm-none-eabi/9.3.1/../../../../arm-none-eabi/lib/thumb/v6-m/nofp/crt0.o (__libc_init_array)
c:/st/stm32cubeide_1.8.0/stm32cubeide/plugins/com.st.stm32cube.ide.mcu.externaltools.gnu-tools-for-stm32.9-2020-q2-update.win32_2.0.0.202105311346/tools/bin/../lib/gcc/arm-none-eabi/9.3.1/../../../../arm-none-eabi/lib/thumb/v6-m/nofp\libc_nano.a(lib_a-memcpy-stub.o)
                              ./ThirdParty/FreeRTOS/queue.o (memcpy)
c:/st/stm32cubeide_1.8.0/stm32cubeide/plugins/com.st.stm32cube.ide.mcu.externaltools.gnu-tools-for-stm32.9-2020-q2-update.win32_2.0.0.202105311346/tools/bin/../lib/gcc/arm-none-eabi/9.3.1/../../../../arm-none-eabi/lib/thumb/v6-m/nofp\libc_nano.a(lib_a-memset.o)
                              c:/st/stm32cubeide_1.8.0/stm32cubeide/plugins/com.st.stm32cube.ide.mcu.externaltools.gnu-tools-for-stm32.9-2020-q2-update.win32_2.0.0.202105311346/tools/bin/../lib/gcc/arm-none-eabi/9.3.1/../../../../arm-none-eabi/lib/thumb/v6-m/nofp/crt0.o (memset)
c:/st/stm32cubeide_1.8.0/stm32cubeide/plugins/com.st.stm32cube.ide.mcu.externaltools.gnu-tools-for-stm32.9-2020-q2-update.win32_2.0.0.202105311346/tools/bin/../lib/gcc/arm-none-eabi/9.3.1/thumb/v6-m/nofp\libgcc.a(_udivsi3.o)
                              ./Core/Src/stm32l0xx_hal_timebase_tim.o (__aeabi_uidiv)
c:/st/stm32cubeide_1.8.0/stm32cubeide/plugins/com.st.stm32cube.ide.mcu.externaltools.gnu-tools-for-stm32.9-2020-q2-update.win32_2.0.0.202105311346/tools/bin/../lib/gcc/arm-none-eabi/9.3.1/thumb/v6-m/nofp\libgcc.a(_dvmd_tls.o)
                              c:/st/stm32cubeide_1.8.0/stm32cubeide/plugins/com.st.stm32cube.ide.mcu.externaltools.gnu-tools-for-stm32.9-2020-q2-update.win32_2.0.0.202105311346/tools/bin/../lib/gcc/arm-none-eabi/9.3.1/thumb/v6-m/nofp\libgcc.a(_udivsi3.o) (__aeabi_idiv0)
c:/st/stm32cubeide_1.8.0/stm32cubeide/plugins/com.st.stm32cube.ide.mcu.externaltools.gnu-tools-for-stm32.9-2020-q2-update.win32_2.0.0.202105311346/tools/bin/../lib/gcc/arm-none-eabi/9.3.1/thumb/v6-m/nofp\libgcc.a(_aeabi_uldivmod.o)
                              ./Drivers/STM32L0xx_HAL_Driver/Src/stm32l0xx_hal_rcc.o (__aeabi_uldivmod)
c:/st/stm32cubeide_1.8.0/stm32cubeide/plugins/com.st.stm32cube.ide.mcu.externaltools.gnu-tools-for-stm32.9-2020-q2-update.win32_2.0.0.202105311346/tools/bin/../lib/gcc/arm-none-eabi/9.3.1/thumb/v6-m/nofp\libgcc.a(_muldi3.o)
                              ./Drivers/STM32L0xx_HAL_Driver/Src/stm32l0xx_hal_rcc.o (__aeabi_lmul)
c:/st/stm32cubeide_1.8.0/stm32cubeide/plugins/com.st.stm32cube.ide.mcu.externaltools.gnu-tools-for-stm32.9-2020-q2-update.win32_2.0.0.202105311346/tools/bin/../lib/gcc/arm-none-eabi/9.3.1/thumb/v6-m/nofp\libgcc.a(_udivmoddi4.o)
                              c:/st/stm32cubeide_1.8.0/stm32cubeide/plugins/com.st.stm32cube.ide.mcu.externaltools.gnu-tools-for-stm32.9-2020-q2-update.win32_2.0.0.202105311346/tools/bin/../lib/gcc/arm-none-eabi/9.3.1/thumb/v6-m/nofp\libgcc.a(_aeabi_uldivmod.o) (__udivmoddi4)
[...]
Memory Configuration

Name             Origin             Length             Attributes
RAM              0x0000000020000000 0x0000000000005000 xrw
FLASH            0x0000000008000000 0x0000000000030000 xr
*default*        0x0000000000000000 0xffffffffffffffff

Linker script and memory map

LOAD c:/st/stm32cubeide_1.8.0/stm32cubeide/plugins/com.st.stm32cube.ide.mcu.externaltools.gnu-tools-for-stm32.9-2020-q2-update.win32_2.0.0.202105311346/tools/bin/../lib/gcc/arm-none-eabi/9.3.1/thumb/v6-m/nofp/crti.o
LOAD c:/st/stm32cubeide_1.8.0/stm32cubeide/plugins/com.st.stm32cube.ide.mcu.externaltools.gnu-tools-for-stm32.9-2020-q2-update.win32_2.0.0.202105311346/tools/bin/../lib/gcc/arm-none-eabi/9.3.1/thumb/v6-m/nofp/crtbegin.o
LOAD c:/st/stm32cubeide_1.8.0/stm32cubeide/plugins/com.st.stm32cube.ide.mcu.externaltools.gnu-tools-for-stm32.9-2020-q2-update.win32_2.0.0.202105311346/tools/bin/../lib/gcc/arm-none-eabi/9.3.1/../../../../arm-none-eabi/lib/thumb/v6-m/nofp/crt0.o
LOAD ./Core/Src/main.o
LOAD ./Core/Src/stm32l0xx_hal_msp.o
LOAD ./Core/Src/stm32l0xx_hal_timebase_tim.o
LOAD ./Core/Src/stm32l0xx_it.o
LOAD ./Core/Src/syscalls.o
LOAD ./Core/Src/system_stm32l0xx.o
LOAD ./Core/Startup/startup_stm32l073rztx.o
LOAD ./Drivers/STM32L0xx_HAL_Driver/Src/stm32l0xx_hal.o
LOAD ./Drivers/STM32L0xx_HAL_Driver/Src/stm32l0xx_hal_cortex.o
LOAD ./Drivers/STM32L0xx_HAL_Driver/Src/stm32l0xx_hal_dma.o
LOAD ./Drivers/STM32L0xx_HAL_Driver/Src/stm32l0xx_hal_exti.o
LOAD ./Drivers/STM32L0xx_HAL_Driver/Src/stm32l0xx_hal_flash.o
LOAD ./Drivers/STM32L0xx_HAL_Driver/Src/stm32l0xx_hal_flash_ex.o
LOAD ./Drivers/STM32L0xx_HAL_Driver/Src/stm32l0xx_hal_flash_ramfunc.o
LOAD ./Drivers/STM32L0xx_HAL_Driver/Src/stm32l0xx_hal_gpio.o
LOAD ./Drivers/STM32L0xx_HAL_Driver/Src/stm32l0xx_hal_i2c.o
LOAD ./Drivers/STM32L0xx_HAL_Driver/Src/stm32l0xx_hal_i2c_ex.o
LOAD ./Drivers/STM32L0xx_HAL_Driver/Src/stm32l0xx_hal_pwr.o
LOAD ./Drivers/STM32L0xx_HAL_Driver/Src/stm32l0xx_hal_pwr_ex.o
LOAD ./Drivers/STM32L0xx_HAL_Driver/Src/stm32l0xx_hal_rcc.o
LOAD ./Drivers/STM32L0xx_HAL_Driver/Src/stm32l0xx_hal_rcc_ex.o
LOAD ./Drivers/STM32L0xx_HAL_Driver/Src/stm32l0xx_hal_tim.o
LOAD ./Drivers/STM32L0xx_HAL_Driver/Src/stm32l0xx_hal_tim_ex.o
LOAD ./ThirdParty/FreeRTOS/croutine.o
LOAD ./ThirdParty/FreeRTOS/event_groups.o
LOAD ./ThirdParty/FreeRTOS/list.o
LOAD ./ThirdParty/FreeRTOS/queue.o
LOAD ./ThirdParty/FreeRTOS/stream_buffer.o
LOAD ./ThirdParty/FreeRTOS/tasks.o
LOAD ./ThirdParty/FreeRTOS/timers.o
LOAD ./ThirdParty/FreeRTOS/portable/GCC/ARM_CM0/port.o
LOAD ./ThirdParty/FreeRTOS/portable/MemMang/heap_4.o
START GROUP
LOAD c:/st/stm32cubeide_1.8.0/stm32cubeide/plugins/com.st.stm32cube.ide.mcu.externaltools.gnu-tools-for-stm32.9-2020-q2-update.win32_2.0.0.202105311346/tools/bin/../lib/gcc/arm-none-eabi/9.3.1/../../../../arm-none-eabi/lib/thumb/v6-m/nofp\libc_nano.a
LOAD c:/st/stm32cubeide_1.8.0/stm32cubeide/plugins/com.st.stm32cube.ide.mcu.externaltools.gnu-tools-for-stm32.9-2020-q2-update.win32_2.0.0.202105311346/tools/bin/../lib/gcc/arm-none-eabi/9.3.1/../../../../arm-none-eabi/lib/thumb/v6-m/nofp\libm.a
END GROUP
START GROUP
LOAD c:/st/stm32cubeide_1.8.0/stm32cubeide/plugins/com.st.stm32cube.ide.mcu.externaltools.gnu-tools-for-stm32.9-2020-q2-update.win32_2.0.0.202105311346/tools/bin/../lib/gcc/arm-none-eabi/9.3.1/thumb/v6-m/nofp\libgcc.a
LOAD c:/st/stm32cubeide_1.8.0/stm32cubeide/plugins/com.st.stm32cube.ide.mcu.externaltools.gnu-tools-for-stm32.9-2020-q2-update.win32_2.0.0.202105311346/tools/bin/../lib/gcc/arm-none-eabi/9.3.1/../../../../arm-none-eabi/lib/thumb/v6-m/nofp\libc_nano.a
END GROUP
START GROUP
LOAD c:/st/stm32cubeide_1.8.0/stm32cubeide/plugins/com.st.stm32cube.ide.mcu.externaltools.gnu-tools-for-stm32.9-2020-q2-update.win32_2.0.0.202105311346/tools/bin/../lib/gcc/arm-none-eabi/9.3.1/thumb/v6-m/nofp\libgcc.a
LOAD c:/st/stm32cubeide_1.8.0/stm32cubeide/plugins/com.st.stm32cube.ide.mcu.externaltools.gnu-tools-for-stm32.9-2020-q2-update.win32_2.0.0.202105311346/tools/bin/../lib/gcc/arm-none-eabi/9.3.1/../../../../arm-none-eabi/lib/thumb/v6-m/nofp\libc_nano.a
LOAD c:/st/stm32cubeide_1.8.0/stm32cubeide/plugins/com.st.stm32cube.ide.mcu.externaltools.gnu-tools-for-stm32.9-2020-q2-update.win32_2.0.0.202105311346/tools/bin/../lib/gcc/arm-none-eabi/9.3.1/../../../../arm-none-eabi/lib/thumb/v6-m/nofp\libnosys.a
END GROUP
START GROUP
LOAD c:/st/stm32cubeide_1.8.0/stm32cubeide/plugins/com.st.stm32cube.ide.mcu.externaltools.gnu-tools-for-stm32.9-2020-q2-update.win32_2.0.0.202105311346/tools/bin/../lib/gcc/arm-none-eabi/9.3.1/thumb/v6-m/nofp\libgcc.a
LOAD c:/st/stm32cubeide_1.8.0/stm32cubeide/plugins/com.st.stm32cube.ide.mcu.externaltools.gnu-tools-for-stm32.9-2020-q2-update.win32_2.0.0.202105311346/tools/bin/../lib/gcc/arm-none-eabi/9.3.1/../../../../arm-none-eabi/lib/thumb/v6-m/nofp\libc_nano.a
LOAD c:/st/stm32cubeide_1.8.0/stm32cubeide/plugins/com.st.stm32cube.ide.mcu.externaltools.gnu-tools-for-stm32.9-2020-q2-update.win32_2.0.0.202105311346/tools/bin/../lib/gcc/arm-none-eabi/9.3.1/../../../../arm-none-eabi/lib/thumb/v6-m/nofp\libnosys.a
END GROUP
LOAD c:/st/stm32cubeide_1.8.0/stm32cubeide/plugins/com.st.stm32cube.ide.mcu.externaltools.gnu-tools-for-stm32.9-2020-q2-update.win32_2.0.0.202105311346/tools/bin/../lib/gcc/arm-none-eabi/9.3.1/thumb/v6-m/nofp/crtend.o
LOAD c:/st/stm32cubeide_1.8.0/stm32cubeide/plugins/com.st.stm32cube.ide.mcu.externaltools.gnu-tools-for-stm32.9-2020-q2-update.win32_2.0.0.202105311346/tools/bin/../lib/gcc/arm-none-eabi/9.3.1/thumb/v6-m/nofp/crtn.o
                0x0000000020005000                _estack = (ORIGIN (RAM) + LENGTH (RAM))
                0x0000000000000200                _Min_Heap_Size = 0x200
                0x0000000000000400                _Min_Stack_Size = 0x400

.isr_vector     0x0000000008000000       0xc0
                0x0000000008000000                . = ALIGN (0x4)
 *(.isr_vector)
 .isr_vector    0x0000000008000000       0xc0 ./Core/Startup/startup_stm32l073rztx.o
                0x0000000008000000                g_pfnVectors
                0x00000000080000c0                . = ALIGN (0x4)

.text           0x00000000080000c0     0x1c5c
                0x00000000080000c0                . = ALIGN (0x4)
 *(.text)
 .text          0x00000000080000c0       0x48 c:/st/stm32cubeide_1.8.0/stm32cubeide/plugins/com.st.stm32cube.ide.mcu.externaltools.gnu-tools-for-stm32.9-2020-q2-update.win32_2.0.0.202105311346/tools/bin/../lib/gcc/arm-none-eabi/9.3.1/thumb/v6-m/nofp/crtbegin.o
 .text          0x0000000008000108      0x114 c:/st/stm32cubeide_1.8.0/stm32cubeide/plugins/com.st.stm32cube.ide.mcu.externaltools.gnu-tools-for-stm32.9-2020-q2-update.win32_2.0.0.202105311346/tools/bin/../lib/gcc/arm-none-eabi/9.3.1/thumb/v6-m/nofp\libgcc.a(_udivsi3.o)
                0x0000000008000108                __aeabi_uidiv
                0x0000000008000108                __udivsi3
                0x0000000008000214                __aeabi_uidivmod
 .text          0x000000000800021c        0x4 c:/st/stm32cubeide_1.8.0/stm32cubeide/plugins/com.st.stm32cube.ide.mcu.externaltools.gnu-tools-for-stm32.9-2020-q2-update.win32_2.0.0.202105311346/tools/bin/../lib/gcc/arm-none-eabi/9.3.1/thumb/v6-m/nofp\libgcc.a(_dvmd_tls.o)
                0x000000000800021c                __aeabi_idiv0
                0x000000000800021c                __aeabi_ldiv0
 .text          0x0000000008000220       0x40 c:/st/stm32cubeide_1.8.0/stm32cubeide/plugins/com.st.stm32cube.ide.mcu.externaltools.gnu-tools-for-stm32.9-2020-q2-update.win32_2.0.0.202105311346/tools/bin/../lib/gcc/arm-none-eabi/9.3.1/thumb/v6-m/nofp\libgcc.a(_aeabi_uldivmod.o)
                0x0000000008000220                __aeabi_uldivmod
 .text          0x0000000008000260       0x50 c:/st/stm32cubeide_1.8.0/stm32cubeide/plugins/com.st.stm32cube.ide.mcu.externaltools.gnu-tools-for-stm32.9-2020-q2-update.win32_2.0.0.202105311346/tools/bin/../lib/gcc/arm-none-eabi/9.3.1/thumb/v6-m/nofp\libgcc.a(_muldi3.o)
                0x0000000008000260                __muldi3
                0x0000000008000260                __aeabi_lmul
 .text          0x00000000080002b0      0x198 c:/st/stm32cubeide_1.8.0/stm32cubeide/plugins/com.st.stm32cube.ide.mcu.externaltools.gnu-tools-for-stm32.9-2020-q2-update.win32_2.0.0.202105311346/tools/bin/../lib/gcc/arm-none-eabi/9.3.1/thumb/v6-m/nofp\libgcc.a(_udivmoddi4.o)
                0x00000000080002b0                __udivmoddi4
 .text          0x0000000008000448       0x18 c:/st/stm32cubeide_1.8.0/stm32cubeide/plugins/com.st.stm32cube.ide.mcu.externaltools.gnu-tools-for-stm32.9-2020-q2-update.win32_2.0.0.202105311346/tools/bin/../lib/gcc/arm-none-eabi/9.3.1/thumb/v6-m/nofp\libgcc.a(_clzdi2.o)
                0x0000000008000448                __clzdi2
 .text          0x0000000008000460       0x3c c:/st/stm32cubeide_1.8.0/stm32cubeide/plugins/com.st.stm32cube.ide.mcu.externaltools.gnu-tools-for-stm32.9-2020-q2-update.win32_2.0.0.202105311346/tools/bin/../lib/gcc/arm-none-eabi/9.3.1/thumb/v6-m/nofp\libgcc.a(_clzsi2.o)
                0x0000000008000460                __clzsi2
 *(.text*)
 .text.main     0x000000000800049c       0x12 ./Core/Src/main.o
                0x000000000800049c                main
 *fill*         0x00000000080004ae        0x2 
 .text.SystemClock_Config
                0x00000000080004b0       0xb8 ./Core/Src/main.o
                0x00000000080004b0                SystemClock_Config
 .text.MX_GPIO_Init
                0x0000000008000568       0x2c ./Core/Src/main.o
 .text.HAL_TIM_PeriodElapsedCallback
                0x0000000008000594       0x24 ./Core/Src/main.o
                0x0000000008000594                HAL_TIM_PeriodElapsedCallback
 .text.Error_Handler
                0x00000000080005b8        0xa ./Core/Src/main.o
                0x00000000080005b8                Error_Handler
 *fill*         0x00000000080005c2        0x2 
 .text.HAL_MspInit
                0x00000000080005c4       0x28 ./Core/Src/stm32l0xx_hal_msp.o
                0x00000000080005c4                HAL_MspInit
 .text.HAL_InitTick
                0x00000000080005ec       0xac ./Core/Src/stm32l0xx_hal_timebase_tim.o
                0x00000000080005ec                HAL_InitTick
 .text.NMI_Handler
                0x0000000008000698        0x6 ./Core/Src/stm32l0xx_it.o
                0x0000000008000698                NMI_Handler
 .text.HardFault_Handler
                0x000000000800069e        0x6 ./Core/Src/stm32l0xx_it.o
                0x000000000800069e                HardFault_Handler
 .text.TIM6_DAC_IRQHandler
                0x00000000080006a4       0x18 ./Core/Src/stm32l0xx_it.o
                0x00000000080006a4                TIM6_DAC_IRQHandler
 .text.SystemInit
                0x00000000080006bc        0xa ./Core/Src/system_stm32l0xx.o
                0x00000000080006bc                SystemInit
 *fill*         0x00000000080006c6        0x2 
 .text.Reset_Handler
                0x00000000080006c8       0x50 ./Core/Startup/startup_stm32l073rztx.o
                0x00000000080006c8                Reset_Handler
 .text.Default_Handler
                0x0000000008000718        0x2 ./Core/Startup/startup_stm32l073rztx.o
                0x0000000008000718                TSC_IRQHandler
                0x0000000008000718                ADC1_COMP_IRQHandler
                0x0000000008000718                PVD_IRQHandler
                0x0000000008000718                I2C1_IRQHandler
                0x0000000008000718                RCC_CRS_IRQHandler
                0x0000000008000718                SPI1_IRQHandler
                0x0000000008000718                EXTI2_3_IRQHandler
                0x0000000008000718                I2C2_IRQHandler
                0x0000000008000718                RTC_IRQHandler
                0x0000000008000718                LCD_IRQHandler
                0x0000000008000718                DMA1_Channel4_5_6_7_IRQHandler
                0x0000000008000718                TIM3_IRQHandler
                0x0000000008000718                EXTI4_15_IRQHandler
                0x0000000008000718                DMA1_Channel1_IRQHandler
                0x0000000008000718                USART4_5_IRQHandler
                0x0000000008000718                Default_Handler
                0x0000000008000718                TIM22_IRQHandler
                0x0000000008000718                TIM7_IRQHandler
                0x0000000008000718                EXTI0_1_IRQHandler
                0x0000000008000718                USB_IRQHandler
                0x0000000008000718                I2C3_IRQHandler
                0x0000000008000718                SPI2_IRQHandler
                0x0000000008000718                TIM21_IRQHandler
                0x0000000008000718                WWDG_IRQHandler
                0x0000000008000718                TIM2_IRQHandler
                0x0000000008000718                DMA1_Channel2_3_IRQHandler
                0x0000000008000718                USART2_IRQHandler
                0x0000000008000718                FLASH_IRQHandler
                0x0000000008000718                USART1_IRQHandler
                0x0000000008000718                RNG_LPUART1_IRQHandler
                0x0000000008000718                LPTIM1_IRQHandler
 *fill*         0x000000000800071a        0x2 
 .text.HAL_Init
                0x000000000800071c       0x40 ./Drivers/STM32L0xx_HAL_Driver/Src/stm32l0xx_hal.o
                0x000000000800071c                HAL_Init
 .text.HAL_IncTick
                0x000000000800075c       0x24 ./Drivers/STM32L0xx_HAL_Driver/Src/stm32l0xx_hal.o
                0x000000000800075c                HAL_IncTick
 .text.HAL_GetTick
                0x0000000008000780       0x14 ./Drivers/STM32L0xx_HAL_Driver/Src/stm32l0xx_hal.o
                0x0000000008000780                HAL_GetTick
 .text.__NVIC_EnableIRQ
                0x0000000008000794       0x34 ./Drivers/STM32L0xx_HAL_Driver/Src/stm32l0xx_hal_cortex.o
 .text.__NVIC_SetPriority
                0x00000000080007c8       0xdc ./Drivers/STM32L0xx_HAL_Driver/Src/stm32l0xx_hal_cortex.o
 .text.HAL_NVIC_SetPriority
                0x00000000080008a4       0x2a ./Drivers/STM32L0xx_HAL_Driver/Src/stm32l0xx_hal_cortex.o
                0x00000000080008a4                HAL_NVIC_SetPriority
 .text.HAL_NVIC_EnableIRQ
                0x00000000080008ce       0x20 ./Drivers/STM32L0xx_HAL_Driver/Src/stm32l0xx_hal_cortex.o
                0x00000000080008ce                HAL_NVIC_EnableIRQ
 *fill*         0x00000000080008ee        0x2 
 .text.HAL_RCC_OscConfig
                0x00000000080008f0      0x7a8 ./Drivers/STM32L0xx_HAL_Driver/Src/stm32l0xx_hal_rcc.o
                0x00000000080008f0                HAL_RCC_OscConfig
 .text.HAL_RCC_ClockConfig
                0x0000000008001098      0x290 ./Drivers/STM32L0xx_HAL_Driver/Src/stm32l0xx_hal_rcc.o
                0x0000000008001098                HAL_RCC_ClockConfig
 .text.HAL_RCC_GetSysClockFreq
                0x0000000008001328      0x14c ./Drivers/STM32L0xx_HAL_Driver/Src/stm32l0xx_hal_rcc.o
                0x0000000008001328                HAL_RCC_GetSysClockFreq
 .text.HAL_RCC_GetHCLKFreq
                0x0000000008001474       0x14 ./Drivers/STM32L0xx_HAL_Driver/Src/stm32l0xx_hal_rcc.o
                0x0000000008001474                HAL_RCC_GetHCLKFreq
 .text.HAL_RCC_GetPCLK1Freq
                0x0000000008001488       0x2c ./Drivers/STM32L0xx_HAL_Driver/Src/stm32l0xx_hal_rcc.o
                0x0000000008001488                HAL_RCC_GetPCLK1Freq
 .text.HAL_RCC_GetClockConfig
                0x00000000080014b4       0x64 ./Drivers/STM32L0xx_HAL_Driver/Src/stm32l0xx_hal_rcc.o
                0x00000000080014b4                HAL_RCC_GetClockConfig
 .text.HAL_TIM_Base_Init
                0x0000000008001518       0x80 ./Drivers/STM32L0xx_HAL_Driver/Src/stm32l0xx_hal_tim.o
                0x0000000008001518                HAL_TIM_Base_Init
 .text.HAL_TIM_Base_MspInit
                0x0000000008001598       0x10 ./Drivers/STM32L0xx_HAL_Driver/Src/stm32l0xx_hal_tim.o
                0x0000000008001598                HAL_TIM_Base_MspInit
 .text.HAL_TIM_Base_Start_IT
                0x00000000080015a8       0xa4 ./Drivers/STM32L0xx_HAL_Driver/Src/stm32l0xx_hal_tim.o
                0x00000000080015a8                HAL_TIM_Base_Start_IT
 .text.HAL_TIM_IRQHandler
                0x000000000800164c      0x1d0 ./Drivers/STM32L0xx_HAL_Driver/Src/stm32l0xx_hal_tim.o
                0x000000000800164c                HAL_TIM_IRQHandler
 .text.HAL_TIM_OC_DelayElapsedCallback
                0x000000000800181c       0x10 ./Drivers/STM32L0xx_HAL_Driver/Src/stm32l0xx_hal_tim.o
                0x000000000800181c                HAL_TIM_OC_DelayElapsedCallback
 .text.HAL_TIM_IC_CaptureCallback
                0x000000000800182c       0x10 ./Drivers/STM32L0xx_HAL_Driver/Src/stm32l0xx_hal_tim.o
                0x000000000800182c                HAL_TIM_IC_CaptureCallback
 .text.HAL_TIM_PWM_PulseFinishedCallback
                0x000000000800183c       0x10 ./Drivers/STM32L0xx_HAL_Driver/Src/stm32l0xx_hal_tim.o
                0x000000000800183c                HAL_TIM_PWM_PulseFinishedCallback
 .text.HAL_TIM_TriggerCallback
                0x000000000800184c       0x10 ./Drivers/STM32L0xx_HAL_Driver/Src/stm32l0xx_hal_tim.o
                0x000000000800184c                HAL_TIM_TriggerCallback
 .text.TIM_Base_SetConfig
                0x000000000800185c       0xbc ./Drivers/STM32L0xx_HAL_Driver/Src/stm32l0xx_hal_tim.o
 .text.xTaskIncrementTick
                0x0000000008001918      0x218 ./ThirdParty/FreeRTOS/tasks.o
                0x0000000008001918                xTaskIncrementTick
 .text.vTaskSwitchContext
                0x0000000008001b30       0xa4 ./ThirdParty/FreeRTOS/tasks.o
                0x0000000008001b30                vTaskSwitchContext
 .text.prvResetNextTaskUnblockTime
                0x0000000008001bd4       0x34 ./ThirdParty/FreeRTOS/tasks.o
 .text.SVC_Handler
                0x0000000008001c08        0xa ./ThirdParty/FreeRTOS/portable/GCC/ARM_CM0/port.o
                0x0000000008001c08                SVC_Handler
 .text.ulSetInterruptMaskFromISR
                0x0000000008001c12        0xc ./ThirdParty/FreeRTOS/portable/GCC/ARM_CM0/port.o
                0x0000000008001c12                ulSetInterruptMaskFromISR
 .text.vClearInterruptMaskFromISR
                0x0000000008001c1e        0x8 ./ThirdParty/FreeRTOS/portable/GCC/ARM_CM0/port.o
                0x0000000008001c1e                vClearInterruptMaskFromISR
 *fill*         0x0000000008001c26        0xa 
 .text.PendSV_Handler
                0x0000000008001c30       0x48 ./ThirdParty/FreeRTOS/portable/GCC/ARM_CM0/port.o
                0x0000000008001c30                PendSV_Handler
 .text.SysTick_Handler
                0x0000000008001c78       0x34 ./ThirdParty/FreeRTOS/portable/GCC/ARM_CM0/port.o
                0x0000000008001c78                SysTick_Handler
 .text.__libc_init_array
                0x0000000008001cac       0x48 c:/st/stm32cubeide_1.8.0/stm32cubeide/plugins/com.st.stm32cube.ide.mcu.externaltools.gnu-tools-for-stm32.9-2020-q2-update.win32_2.0.0.202105311346/tools/bin/../lib/gcc/arm-none-eabi/9.3.1/../../../../arm-none-eabi/lib/thumb/v6-m/nofp\libc_nano.a(lib_a-init.o)
                0x0000000008001cac                __libc_init_array
 .text.memset   0x0000000008001cf4       0x10 c:/st/stm32cubeide_1.8.0/stm32cubeide/plugins/com.st.stm32cube.ide.mcu.externaltools.gnu-tools-for-stm32.9-2020-q2-update.win32_2.0.0.202105311346/tools/bin/../lib/gcc/arm-none-eabi/9.3.1/../../../../arm-none-eabi/lib/thumb/v6-m/nofp\libc_nano.a(lib_a-memset.o)
                0x0000000008001cf4                memset
 *(.glue_7)
 .glue_7        0x0000000008001d04        0x0 linker stubs
 *(.glue_7t)
 .glue_7t       0x0000000008001d04        0x0 linker stubs
 *(.eh_frame)
 .eh_frame      0x0000000008001d04        0x0 c:/st/stm32cubeide_1.8.0/stm32cubeide/plugins/com.st.stm32cube.ide.mcu.externaltools.gnu-tools-for-stm32.9-2020-q2-update.win32_2.0.0.202105311346/tools/bin/../lib/gcc/arm-none-eabi/9.3.1/thumb/v6-m/nofp/crtbegin.o
 *(.init)
 .init          0x0000000008001d04        0x4 c:/st/stm32cubeide_1.8.0/stm32cubeide/plugins/com.st.stm32cube.ide.mcu.externaltools.gnu-tools-for-stm32.9-2020-q2-update.win32_2.0.0.202105311346/tools/bin/../lib/gcc/arm-none-eabi/9.3.1/thumb/v6-m/nofp/crti.o
                0x0000000008001d04                _init
 .init          0x0000000008001d08        0x8 c:/st/stm32cubeide_1.8.0/stm32cubeide/plugins/com.st.stm32cube.ide.mcu.externaltools.gnu-tools-for-stm32.9-2020-q2-update.win32_2.0.0.202105311346/tools/bin/../lib/gcc/arm-none-eabi/9.3.1/thumb/v6-m/nofp/crtn.o
 *(.fini)
 .fini          0x0000000008001d10        0x4 c:/st/stm32cubeide_1.8.0/stm32cubeide/plugins/com.st.stm32cube.ide.mcu.externaltools.gnu-tools-for-stm32.9-2020-q2-update.win32_2.0.0.202105311346/tools/bin/../lib/gcc/arm-none-eabi/9.3.1/thumb/v6-m/nofp/crti.o
                0x0000000008001d10                _fini
 .fini          0x0000000008001d14        0x8 c:/st/stm32cubeide_1.8.0/stm32cubeide/plugins/com.st.stm32cube.ide.mcu.externaltools.gnu-tools-for-stm32.9-2020-q2-update.win32_2.0.0.202105311346/tools/bin/../lib/gcc/arm-none-eabi/9.3.1/thumb/v6-m/nofp/crtn.o
                0x0000000008001d1c                . = ALIGN (0x4)
                0x0000000008001d1c                _etext = .

.vfp11_veneer   0x0000000008001d1c        0x0
 .vfp11_veneer  0x0000000008001d1c        0x0 linker stubs

.v4_bx          0x0000000008001d1c        0x0
 .v4_bx         0x0000000008001d1c        0x0 linker stubs

.iplt           0x0000000008001d1c        0x0
 .iplt          0x0000000008001d1c        0x0 c:/st/stm32cubeide_1.8.0/stm32cubeide/plugins/com.st.stm32cube.ide.mcu.externaltools.gnu-tools-for-stm32.9-2020-q2-update.win32_2.0.0.202105311346/tools/bin/../lib/gcc/arm-none-eabi/9.3.1/thumb/v6-m/nofp/crtbegin.o

.rodata         0x0000000008001d1c       0x24
                0x0000000008001d1c                . = ALIGN (0x4)
 *(.rodata)
 *(.rodata*)
 .rodata.AHBPrescTable
                0x0000000008001d1c       0x10 ./Core/Src/system_stm32l0xx.o
                0x0000000008001d1c                AHBPrescTable
 .rodata.APBPrescTable
                0x0000000008001d2c        0x8 ./Core/Src/system_stm32l0xx.o
                0x0000000008001d2c                APBPrescTable
 .rodata.PLLMulTable
                0x0000000008001d34        0x9 ./Core/Src/system_stm32l0xx.o
                0x0000000008001d34                PLLMulTable
                0x0000000008001d40                . = ALIGN (0x4)
 *fill*         0x0000000008001d3d        0x3 

.ARM.extab      0x0000000008001d40        0x0
                0x0000000008001d40                . = ALIGN (0x4)
 *(.ARM.extab* .gnu.linkonce.armextab.*)
                0x0000000008001d40                . = ALIGN (0x4)

.ARM            0x0000000008001d40        0x8
                0x0000000008001d40                . = ALIGN (0x4)
                0x0000000008001d40                __exidx_start = .
 *(.ARM.exidx*)
 .ARM.exidx     0x0000000008001d40        0x8 c:/st/stm32cubeide_1.8.0/stm32cubeide/plugins/com.st.stm32cube.ide.mcu.externaltools.gnu-tools-for-stm32.9-2020-q2-update.win32_2.0.0.202105311346/tools/bin/../lib/gcc/arm-none-eabi/9.3.1/thumb/v6-m/nofp\libgcc.a(_udivmoddi4.o)
                0x0000000008001d48                __exidx_end = .
                0x0000000008001d48                . = ALIGN (0x4)

.rel.dyn        0x0000000008001d48        0x0
 .rel.iplt      0x0000000008001d48        0x0 c:/st/stm32cubeide_1.8.0/stm32cubeide/plugins/com.st.stm32cube.ide.mcu.externaltools.gnu-tools-for-stm32.9-2020-q2-update.win32_2.0.0.202105311346/tools/bin/../lib/gcc/arm-none-eabi/9.3.1/thumb/v6-m/nofp/crtbegin.o

.preinit_array  0x0000000008001d48        0x0
                0x0000000008001d48                . = ALIGN (0x4)
                0x0000000008001d48                PROVIDE (__preinit_array_start = .)
 *(.preinit_array*)
                0x0000000008001d48                PROVIDE (__preinit_array_end = .)
                0x0000000008001d48                . = ALIGN (0x4)

.init_array     0x0000000008001d48        0x4
                0x0000000008001d48                . = ALIGN (0x4)
                0x0000000008001d48                PROVIDE (__init_array_start = .)
 *(SORT_BY_NAME(.init_array.*))
 *(.init_array*)
 .init_array    0x0000000008001d48        0x4 c:/st/stm32cubeide_1.8.0/stm32cubeide/plugins/com.st.stm32cube.ide.mcu.externaltools.gnu-tools-for-stm32.9-2020-q2-update.win32_2.0.0.202105311346/tools/bin/../lib/gcc/arm-none-eabi/9.3.1/thumb/v6-m/nofp/crtbegin.o
                0x0000000008001d4c                PROVIDE (__init_array_end = .)
                0x0000000008001d4c                . = ALIGN (0x4)

.fini_array     0x0000000008001d4c        0x4
                0x0000000008001d4c                . = ALIGN (0x4)
                [!provide]                        PROVIDE (__fini_array_start = .)
 *(SORT_BY_NAME(.fini_array.*))
 *(.fini_array*)
 .fini_array    0x0000000008001d4c        0x4 c:/st/stm32cubeide_1.8.0/stm32cubeide/plugins/com.st.stm32cube.ide.mcu.externaltools.gnu-tools-for-stm32.9-2020-q2-update.win32_2.0.0.202105311346/tools/bin/../lib/gcc/arm-none-eabi/9.3.1/thumb/v6-m/nofp/crtbegin.o
                [!provide]                        PROVIDE (__fini_array_end = .)
                0x0000000008001d50                . = ALIGN (0x4)
                0x0000000008001d50                _sidata = LOADADDR (.data)

.data           0x0000000020000000        0xc load address 0x0000000008001d50
                0x0000000020000000                . = ALIGN (0x4)
                0x0000000020000000                _sdata = .
 *(.data)
 *(.data*)
 .data.SystemCoreClock
                0x0000000020000000        0x4 ./Core/Src/system_stm32l0xx.o
                0x0000000020000000                SystemCoreClock
 .data.uwTickPrio
                0x0000000020000004        0x4 ./Drivers/STM32L0xx_HAL_Driver/Src/stm32l0xx_hal.o
                0x0000000020000004                uwTickPrio
 .data.uwTickFreq
                0x0000000020000008        0x1 ./Drivers/STM32L0xx_HAL_Driver/Src/stm32l0xx_hal.o
                0x0000000020000008                uwTickFreq
 *(.RamFunc)
 *(.RamFunc*)
                0x000000002000000c                . = ALIGN (0x4)
 *fill*         0x0000000020000009        0x3 
                0x000000002000000c                _edata = .

.igot.plt       0x000000002000000c        0x0 load address 0x0000000008001d5c
 .igot.plt      0x000000002000000c        0x0 c:/st/stm32cubeide_1.8.0/stm32cubeide/plugins/com.st.stm32cube.ide.mcu.externaltools.gnu-tools-for-stm32.9-2020-q2-update.win32_2.0.0.202105311346/tools/bin/../lib/gcc/arm-none-eabi/9.3.1/thumb/v6-m/nofp/crtbegin.o
                0x000000002000000c                . = ALIGN (0x4)

.bss            0x000000002000000c       0xec load address 0x0000000008001d5c
                0x000000002000000c                _sbss = .
                0x000000002000000c                __bss_start__ = _sbss
 *(.bss)
 .bss           0x000000002000000c       0x1c c:/st/stm32cubeide_1.8.0/stm32cubeide/plugins/com.st.stm32cube.ide.mcu.externaltools.gnu-tools-for-stm32.9-2020-q2-update.win32_2.0.0.202105311346/tools/bin/../lib/gcc/arm-none-eabi/9.3.1/thumb/v6-m/nofp/crtbegin.o
 *(.bss*)
 .bss.pxCurrentTCB
                0x0000000020000028        0x4 ./ThirdParty/FreeRTOS/tasks.o
                0x0000000020000028                pxCurrentTCB
 .bss.pxReadyTasksLists
                0x000000002000002c       0x64 ./ThirdParty/FreeRTOS/tasks.o
 .bss.pxDelayedTaskList
                0x0000000020000090        0x4 ./ThirdParty/FreeRTOS/tasks.o
 .bss.pxOverflowDelayedTaskList
                0x0000000020000094        0x4 ./ThirdParty/FreeRTOS/tasks.o
 .bss.xTickCount
                0x0000000020000098        0x4 ./ThirdParty/FreeRTOS/tasks.o
 .bss.uxTopReadyPriority
                0x000000002000009c        0x4 ./ThirdParty/FreeRTOS/tasks.o
 .bss.xPendedTicks
                0x00000000200000a0        0x4 ./ThirdParty/FreeRTOS/tasks.o
 .bss.xYieldPending
                0x00000000200000a4        0x4 ./ThirdParty/FreeRTOS/tasks.o
 .bss.xNumOfOverflows
                0x00000000200000a8        0x4 ./ThirdParty/FreeRTOS/tasks.o
 .bss.xNextTaskUnblockTime
                0x00000000200000ac        0x4 ./ThirdParty/FreeRTOS/tasks.o
 .bss.uxSchedulerSuspended
                0x00000000200000b0        0x4 ./ThirdParty/FreeRTOS/tasks.o
 *(COMMON)
 COMMON         0x00000000200000b4       0x40 ./Core/Src/stm32l0xx_hal_timebase_tim.o
                0x00000000200000b4                htim6
 COMMON         0x00000000200000f4        0x4 ./Drivers/STM32L0xx_HAL_Driver/Src/stm32l0xx_hal.o
                0x00000000200000f4                uwTick
                0x00000000200000f8                . = ALIGN (0x4)
                0x00000000200000f8                _ebss = .
                0x00000000200000f8                __bss_end__ = _ebss

._user_heap_stack
                0x00000000200000f8      0x600 load address 0x0000000008001d5c
                0x00000000200000f8                . = ALIGN (0x8)
                [!provide]                        PROVIDE (end = .)
                [!provide]                        PROVIDE (_end = .)
                0x00000000200002f8                . = (. + _Min_Heap_Size)
 *fill*         0x00000000200000f8      0x200 
                0x00000000200006f8                . = (. + _Min_Stack_Size)
 *fill*         0x00000000200002f8      0x400 
                0x00000000200006f8                . = ALIGN (0x8)

/DISCARD/
 libc.a(*)
 libm.a(*)
 libgcc.a(*)

.ARM.attributes
                0x0000000000000000       0x28
 *(.ARM.attributes)
 .ARM.attributes
                0x0000000000000000       0x1e c:/st/stm32cubeide_1.8.0/stm32cubeide/plugins/com.st.stm32cube.ide.mcu.externaltools.gnu-tools-for-stm32.9-2020-q2-update.win32_2.0.0.202105311346/tools/bin/../lib/gcc/arm-none-eabi/9.3.1/thumb/v6-m/nofp/crti.o
 .ARM.attributes
                0x000000000000001e       0x2c c:/st/stm32cubeide_1.8.0/stm32cubeide/plugins/com.st.stm32cube.ide.mcu.externaltools.gnu-tools-for-stm32.9-2020-q2-update.win32_2.0.0.202105311346/tools/bin/../lib/gcc/arm-none-eabi/9.3.1/thumb/v6-m/nofp/crtbegin.o
 .ARM.attributes
                0x000000000000004a       0x2c ./Core/Src/main.o
 .ARM.attributes
                0x0000000000000076       0x2c ./Core/Src/stm32l0xx_hal_msp.o
 .ARM.attributes
                0x00000000000000a2       0x2c ./Core/Src/stm32l0xx_hal_timebase_tim.o
 .ARM.attributes
                0x00000000000000ce       0x2c ./Core/Src/stm32l0xx_it.o
 .ARM.attributes
                0x00000000000000fa       0x2c ./Core/Src/system_stm32l0xx.o
 .ARM.attributes
                0x0000000000000126       0x22 ./Core/Startup/startup_stm32l073rztx.o
 .ARM.attributes
                0x0000000000000148       0x2c ./Drivers/STM32L0xx_HAL_Driver/Src/stm32l0xx_hal.o
 .ARM.attributes
                0x0000000000000174       0x2c ./Drivers/STM32L0xx_HAL_Driver/Src/stm32l0xx_hal_cortex.o
 .ARM.attributes
                0x00000000000001a0       0x2c ./Drivers/STM32L0xx_HAL_Driver/Src/stm32l0xx_hal_rcc.o
 .ARM.attributes
                0x00000000000001cc       0x2c ./Drivers/STM32L0xx_HAL_Driver/Src/stm32l0xx_hal_tim.o
 .ARM.attributes
                0x00000000000001f8       0x2c ./ThirdParty/FreeRTOS/tasks.o
 .ARM.attributes
                0x0000000000000224       0x2c ./ThirdParty/FreeRTOS/portable/GCC/ARM_CM0/port.o
 .ARM.attributes
                0x0000000000000250       0x2c c:/st/stm32cubeide_1.8.0/stm32cubeide/plugins/com.st.stm32cube.ide.mcu.externaltools.gnu-tools-for-stm32.9-2020-q2-update.win32_2.0.0.202105311346/tools/bin/../lib/gcc/arm-none-eabi/9.3.1/../../../../arm-none-eabi/lib/thumb/v6-m/nofp\libc_nano.a(lib_a-init.o)
 .ARM.attributes
                0x000000000000027c       0x2c c:/st/stm32cubeide_1.8.0/stm32cubeide/plugins/com.st.stm32cube.ide.mcu.externaltools.gnu-tools-for-stm32.9-2020-q2-update.win32_2.0.0.202105311346/tools/bin/../lib/gcc/arm-none-eabi/9.3.1/../../../../arm-none-eabi/lib/thumb/v6-m/nofp\libc_nano.a(lib_a-memset.o)
 .ARM.attributes
                0x00000000000002a8       0x1e c:/st/stm32cubeide_1.8.0/stm32cubeide/plugins/com.st.stm32cube.ide.mcu.externaltools.gnu-tools-for-stm32.9-2020-q2-update.win32_2.0.0.202105311346/tools/bin/../lib/gcc/arm-none-eabi/9.3.1/thumb/v6-m/nofp\libgcc.a(_udivsi3.o)
 .ARM.attributes
                0x00000000000002c6       0x1e c:/st/stm32cubeide_1.8.0/stm32cubeide/plugins/com.st.stm32cube.ide.mcu.externaltools.gnu-tools-for-stm32.9-2020-q2-update.win32_2.0.0.202105311346/tools/bin/../lib/gcc/arm-none-eabi/9.3.1/thumb/v6-m/nofp\libgcc.a(_dvmd_tls.o)
 .ARM.attributes
                0x00000000000002e4       0x1e c:/st/stm32cubeide_1.8.0/stm32cubeide/plugins/com.st.stm32cube.ide.mcu.externaltools.gnu-tools-for-stm32.9-2020-q2-update.win32_2.0.0.202105311346/tools/bin/../lib/gcc/arm-none-eabi/9.3.1/thumb/v6-m/nofp\libgcc.a(_aeabi_uldivmod.o)
 .ARM.attributes
                0x0000000000000302       0x2c c:/st/stm32cubeide_1.8.0/stm32cubeide/plugins/com.st.stm32cube.ide.mcu.externaltools.gnu-tools-for-stm32.9-2020-q2-update.win32_2.0.0.202105311346/tools/bin/../lib/gcc/arm-none-eabi/9.3.1/thumb/v6-m/nofp\libgcc.a(_muldi3.o)
 .ARM.attributes
                0x000000000000032e       0x2c c:/st/stm32cubeide_1.8.0/stm32cubeide/plugins/com.st.stm32cube.ide.mcu.externaltools.gnu-tools-for-stm32.9-2020-q2-update.win32_2.0.0.202105311346/tools/bin/../lib/gcc/arm-none-eabi/9.3.1/thumb/v6-m/nofp\libgcc.a(_udivmoddi4.o)
 .ARM.attributes
                0x000000000000035a       0x1e c:/st/stm32cubeide_1.8.0/stm32cubeide/plugins/com.st.stm32cube.ide.mcu.externaltools.gnu-tools-for-stm32.9-2020-q2-update.win32_2.0.0.202105311346/tools/bin/../lib/gcc/arm-none-eabi/9.3.1/thumb/v6-m/nofp\libgcc.a(_clzdi2.o)
 .ARM.attributes
                0x0000000000000378       0x1e c:/st/stm32cubeide_1.8.0/stm32cubeide/plugins/com.st.stm32cube.ide.mcu.externaltools.gnu-tools-for-stm32.9-2020-q2-update.win32_2.0.0.202105311346/tools/bin/../lib/gcc/arm-none-eabi/9.3.1/thumb/v6-m/nofp\libgcc.a(_clzsi2.o)
 .ARM.attributes
                0x0000000000000396       0x1e c:/st/stm32cubeide_1.8.0/stm32cubeide/plugins/com.st.stm32cube.ide.mcu.externaltools.gnu-tools-for-stm32.9-2020-q2-update.win32_2.0.0.202105311346/tools/bin/../lib/gcc/arm-none-eabi/9.3.1/thumb/v6-m/nofp/crtn.o
OUTPUT(001_FreeRTOS.elf elf32-littlearm)
LOAD linker stubs
LOAD c:/st/stm32cubeide_1.8.0/stm32cubeide/plugins/com.st.stm32cube.ide.mcu.externaltools.gnu-tools-for-stm32.9-2020-q2-update.win32_2.0.0.202105311346/tools/bin/../lib/gcc/arm-none-eabi/9.3.1/../../../../arm-none-eabi/lib/thumb/v6-m/nofp\libc.a
LOAD c:/st/stm32cubeide_1.8.0/stm32cubeide/plugins/com.st.stm32cube.ide.mcu.externaltools.gnu-tools-for-stm32.9-2020-q2-update.win32_2.0.0.202105311346/tools/bin/../lib/gcc/arm-none-eabi/9.3.1/../../../../arm-none-eabi/lib/thumb/v6-m/nofp\libm.a
LOAD c:/st/stm32cubeide_1.8.0/stm32cubeide/plugins/com.st.stm32cube.ide.mcu.externaltools.gnu-tools-for-stm32.9-2020-q2-update.win32_2.0.0.202105311346/tools/bin/../lib/gcc/arm-none-eabi/9.3.1/thumb/v6-m/nofp\libgcc.a

.debug_info     0x0000000000000000     0x92b1
 .debug_info    0x0000000000000000      0xaa0 ./Core/Src/main.o
 .debug_info    0x0000000000000aa0      0x2c9 ./Core/Src/stm32l0xx_hal_msp.o
 .debug_info    0x0000000000000d69      0xa23 ./Core/Src/stm32l0xx_hal_timebase_tim.o
 .debug_info    0x000000000000178c      0x718 ./Core/Src/stm32l0xx_it.o
 .debug_info    0x0000000000001ea4      0x363 ./Core/Src/system_stm32l0xx.o
 .debug_info    0x0000000000002207       0x22 ./Core/Startup/startup_stm32l073rztx.o
 .debug_info    0x0000000000002229      0x92f ./Drivers/STM32L0xx_HAL_Driver/Src/stm32l0xx_hal.o
 .debug_info    0x0000000000002b58      0x9af ./Drivers/STM32L0xx_HAL_Driver/Src/stm32l0xx_hal_cortex.o
 .debug_info    0x0000000000003507      0xa85 ./Drivers/STM32L0xx_HAL_Driver/Src/stm32l0xx_hal_rcc.o
 .debug_info    0x0000000000003f8c     0x2a96 ./Drivers/STM32L0xx_HAL_Driver/Src/stm32l0xx_hal_tim.o
 .debug_info    0x0000000000006a22     0x2606 ./ThirdParty/FreeRTOS/tasks.o
 .debug_info    0x0000000000009028      0x289 ./ThirdParty/FreeRTOS/portable/GCC/ARM_CM0/port.o

.debug_abbrev   0x0000000000000000     0x1695
 .debug_abbrev  0x0000000000000000      0x20e ./Core/Src/main.o
 .debug_abbrev  0x000000000000020e       0xf8 ./Core/Src/stm32l0xx_hal_msp.o
 .debug_abbrev  0x0000000000000306      0x1c7 ./Core/Src/stm32l0xx_hal_timebase_tim.o
 .debug_abbrev  0x00000000000004cd      0x187 ./Core/Src/stm32l0xx_it.o
 .debug_abbrev  0x0000000000000654      0x145 ./Core/Src/system_stm32l0xx.o
 .debug_abbrev  0x0000000000000799       0x12 ./Core/Startup/startup_stm32l073rztx.o
 .debug_abbrev  0x00000000000007ab      0x267 ./Drivers/STM32L0xx_HAL_Driver/Src/stm32l0xx_hal.o
 .debug_abbrev  0x0000000000000a12      0x2b4 ./Drivers/STM32L0xx_HAL_Driver/Src/stm32l0xx_hal_cortex.o
 .debug_abbrev  0x0000000000000cc6      0x246 ./Drivers/STM32L0xx_HAL_Driver/Src/stm32l0xx_hal_rcc.o
 .debug_abbrev  0x0000000000000f0c      0x26f ./Drivers/STM32L0xx_HAL_Driver/Src/stm32l0xx_hal_tim.o
 .debug_abbrev  0x000000000000117b      0x354 ./ThirdParty/FreeRTOS/tasks.o
 .debug_abbrev  0x00000000000014cf      0x1c6 ./ThirdParty/FreeRTOS/portable/GCC/ARM_CM0/port.o

.debug_aranges  0x0000000000000000      0x9c8
 .debug_aranges
                0x0000000000000000       0x40 ./Core/Src/main.o
 .debug_aranges
                0x0000000000000040       0x20 ./Core/Src/stm32l0xx_hal_msp.o
 .debug_aranges
                0x0000000000000060       0x30 ./Core/Src/stm32l0xx_hal_timebase_tim.o
 .debug_aranges
                0x0000000000000090       0x30 ./Core/Src/stm32l0xx_it.o
 .debug_aranges
                0x00000000000000c0       0x28 ./Core/Src/system_stm32l0xx.o
 .debug_aranges
                0x00000000000000e8       0x28 ./Core/Startup/startup_stm32l073rztx.o
 .debug_aranges
                0x0000000000000110      0x110 ./Drivers/STM32L0xx_HAL_Driver/Src/stm32l0xx_hal.o
 .debug_aranges
                0x0000000000000220       0xd8 ./Drivers/STM32L0xx_HAL_Driver/Src/stm32l0xx_hal_cortex.o
 .debug_aranges
                0x00000000000002f8       0x80 ./Drivers/STM32L0xx_HAL_Driver/Src/stm32l0xx_hal_rcc.o
 .debug_aranges
                0x0000000000000378      0x3d0 ./Drivers/STM32L0xx_HAL_Driver/Src/stm32l0xx_hal_tim.o
 .debug_aranges
                0x0000000000000748      0x1f8 ./ThirdParty/FreeRTOS/tasks.o
 .debug_aranges
                0x0000000000000940       0x88 ./ThirdParty/FreeRTOS/portable/GCC/ARM_CM0/port.o

.debug_ranges   0x0000000000000000      0x910
 .debug_ranges  0x0000000000000000       0x30 ./Core/Src/main.o
 .debug_ranges  0x0000000000000030       0x10 ./Core/Src/stm32l0xx_hal_msp.o
 .debug_ranges  0x0000000000000040       0x20 ./Core/Src/stm32l0xx_hal_timebase_tim.o
 .debug_ranges  0x0000000000000060       0x20 ./Core/Src/stm32l0xx_it.o
 .debug_ranges  0x0000000000000080       0x18 ./Core/Src/system_stm32l0xx.o
 .debug_ranges  0x0000000000000098       0x20 ./Core/Startup/startup_stm32l073rztx.o
 .debug_ranges  0x00000000000000b8      0x100 ./Drivers/STM32L0xx_HAL_Driver/Src/stm32l0xx_hal.o
 .debug_ranges  0x00000000000001b8       0xc8 ./Drivers/STM32L0xx_HAL_Driver/Src/stm32l0xx_hal_cortex.o
 .debug_ranges  0x0000000000000280       0x70 ./Drivers/STM32L0xx_HAL_Driver/Src/stm32l0xx_hal_rcc.o
 .debug_ranges  0x00000000000002f0      0x3c0 ./Drivers/STM32L0xx_HAL_Driver/Src/stm32l0xx_hal_tim.o
 .debug_ranges  0x00000000000006b0      0x1e8 ./ThirdParty/FreeRTOS/tasks.o
 .debug_ranges  0x0000000000000898       0x78 ./ThirdParty/FreeRTOS/portable/GCC/ARM_CM0/port.o

.debug_macro    0x0000000000000000    0x144ba
 .debug_macro   0x0000000000000000      0x231 ./Core/Src/main.o
 .debug_macro   0x0000000000000231      0xa7e ./Core/Src/main.o
 .debug_macro   0x0000000000000caf      0x11f ./Core/Src/main.o
 .debug_macro   0x0000000000000dce       0x2e ./Core/Src/main.o
 .debug_macro   0x0000000000000dfc       0x28 ./Core/Src/main.o
 .debug_macro   0x0000000000000e24       0x22 ./Core/Src/main.o
 .debug_macro   0x0000000000000e46       0x8e ./Core/Src/main.o
 .debug_macro   0x0000000000000ed4       0x51 ./Core/Src/main.o
 .debug_macro   0x0000000000000f25      0x103 ./Core/Src/main.o
 .debug_macro   0x0000000000001028       0x6a ./Core/Src/main.o
 .debug_macro   0x0000000000001092      0x1df ./Core/Src/main.o
 .debug_macro   0x0000000000001271       0x1c ./Core/Src/main.o
 .debug_macro   0x000000000000128d       0x22 ./Core/Src/main.o
 .debug_macro   0x00000000000012af       0xb5 ./Core/Src/main.o
 .debug_macro   0x0000000000001364      0x4da ./Core/Src/main.o
 .debug_macro   0x000000000000183e      0x11f ./Core/Src/main.o
 .debug_macro   0x000000000000195d     0xa44c ./Core/Src/main.o
 .debug_macro   0x000000000000bda9       0x66 ./Core/Src/main.o
 .debug_macro   0x000000000000be0f     0x355c ./Core/Src/main.o
 .debug_macro   0x000000000000f36b      0x174 ./Core/Src/main.o
 .debug_macro   0x000000000000f4df       0x5b ./Core/Src/main.o
 .debug_macro   0x000000000000f53a      0x8eb ./Core/Src/main.o
 .debug_macro   0x000000000000fe25      0xbb4 ./Core/Src/main.o
 .debug_macro   0x00000000000109d9      0x197 ./Core/Src/main.o
 .debug_macro   0x0000000000010b70      0x13f ./Core/Src/main.o
 .debug_macro   0x0000000000010caf      0x1d1 ./Core/Src/main.o
 .debug_macro   0x0000000000010e80       0x82 ./Core/Src/main.o
 .debug_macro   0x0000000000010f02      0x28e ./Core/Src/main.o
 .debug_macro   0x0000000000011190      0x1e9 ./Core/Src/main.o
 .debug_macro   0x0000000000011379      0x13e ./Core/Src/main.o
 .debug_macro   0x00000000000114b7      0x4b5 ./Core/Src/main.o
 .debug_macro   0x000000000001196c      0x22c ./Core/Src/main.o
 .debug_macro   0x0000000000011b98       0x5b ./Core/Src/main.o
 .debug_macro   0x0000000000011bf3       0xa5 ./Core/Src/main.o
 .debug_macro   0x0000000000011c98      0x18d ./Core/Src/main.o
 .debug_macro   0x0000000000011e25       0x16 ./Core/Src/main.o
 .debug_macro   0x0000000000011e3b      0x773 ./Core/Src/main.o
 .debug_macro   0x00000000000125ae       0xfc ./Core/Src/main.o
 .debug_macro   0x00000000000126aa      0x1a2 ./Core/Src/main.o
 .debug_macro   0x000000000001284c       0xe8 ./Core/Src/main.o
 .debug_macro   0x0000000000012934      0x15a ./Core/Src/main.o
 .debug_macro   0x0000000000012a8e       0xb8 ./Core/Src/main.o
 .debug_macro   0x0000000000012b46       0x28 ./Core/Src/main.o
 .debug_macro   0x0000000000012b6e       0x1f ./Core/Src/main.o
 .debug_macro   0x0000000000012b8d       0x12 ./Core/Src/main.o
 .debug_macro   0x0000000000012b9f      0x519 ./Core/Src/main.o
 .debug_macro   0x00000000000130b8       0xc3 ./Core/Src/main.o
 .debug_macro   0x000000000001317b      0x120 ./Core/Src/main.o
 .debug_macro   0x000000000001329b      0x1c4 ./Core/Src/stm32l0xx_hal_msp.o
 .debug_macro   0x000000000001345f      0x1ba ./Core/Src/stm32l0xx_hal_timebase_tim.o
 .debug_macro   0x0000000000013619      0x1ce ./Core/Src/stm32l0xx_it.o
 .debug_macro   0x00000000000137e7      0x1ba ./Core/Src/system_stm32l0xx.o
 .debug_macro   0x00000000000139a1      0x1de ./Drivers/STM32L0xx_HAL_Driver/Src/stm32l0xx_hal.o
 .debug_macro   0x0000000000013b7f      0x1ba ./Drivers/STM32L0xx_HAL_Driver/Src/stm32l0xx_hal_cortex.o
 .debug_macro   0x0000000000013d39      0x1f0 ./Drivers/STM32L0xx_HAL_Driver/Src/stm32l0xx_hal_rcc.o
 .debug_macro   0x0000000000013f29      0x1bb ./Drivers/STM32L0xx_HAL_Driver/Src/stm32l0xx_hal_tim.o
 .debug_macro   0x00000000000140e4      0x284 ./ThirdParty/FreeRTOS/tasks.o
 .debug_macro   0x0000000000014368       0x17 ./ThirdParty/FreeRTOS/tasks.o
 .debug_macro   0x000000000001437f      0x13b ./ThirdParty/FreeRTOS/portable/GCC/ARM_CM0/port.o

.debug_line     0x0000000000000000     0x9cdd
 .debug_line    0x0000000000000000      0x981 ./Core/Src/main.o
 .debug_line    0x0000000000000981      0x6c9 ./Core/Src/stm32l0xx_hal_msp.o
 .debug_line    0x000000000000104a      0x726 ./Core/Src/stm32l0xx_hal_timebase_tim.o
 .debug_line    0x0000000000001770      0x708 ./Core/Src/stm32l0xx_it.o
 .debug_line    0x0000000000001e78      0x77a ./Core/Src/system_stm32l0xx.o
 .debug_line    0x00000000000025f2       0x89 ./Core/Startup/startup_stm32l073rztx.o
 .debug_line    0x000000000000267b      0xa1d ./Drivers/STM32L0xx_HAL_Driver/Src/stm32l0xx_hal.o
 .debug_line    0x0000000000003098      0xaeb ./Drivers/STM32L0xx_HAL_Driver/Src/stm32l0xx_hal_cortex.o
 .debug_line    0x0000000000003b83      0xea9 ./Drivers/STM32L0xx_HAL_Driver/Src/stm32l0xx_hal_rcc.o
 .debug_line    0x0000000000004a2c     0x2f0a ./Drivers/STM32L0xx_HAL_Driver/Src/stm32l0xx_hal_tim.o
 .debug_line    0x0000000000007936     0x1bfe ./ThirdParty/FreeRTOS/tasks.o
 .debug_line    0x0000000000009534      0x7a9 ./ThirdParty/FreeRTOS/portable/GCC/ARM_CM0/port.o

.debug_str      0x0000000000000000    0x8562c
 .debug_str     0x0000000000000000    0x7e748 ./Core/Src/main.o
                                      0x7eaca (size before relaxing)
 .debug_str     0x000000000007e748       0x2c ./Core/Src/stm32l0xx_hal_msp.o
                                      0x79865 (size before relaxing)
 .debug_str     0x000000000007e774      0x219 ./Core/Src/stm32l0xx_hal_timebase_tim.o
                                      0x79fc5 (size before relaxing)
 .debug_str     0x000000000007e98d       0x4b ./Core/Src/stm32l0xx_it.o
                                      0x79cb3 (size before relaxing)
 .debug_str     0x000000000007e9d8       0x61 ./Core/Src/system_stm32l0xx.o
                                      0x79890 (size before relaxing)
 .debug_str     0x000000000007ea39       0x36 ./Core/Startup/startup_stm32l073rztx.o
                                         0xa0 (size before relaxing)
 .debug_str     0x000000000007ea6f      0x3e7 ./Drivers/STM32L0xx_HAL_Driver/Src/stm32l0xx_hal.o
                                      0x79f48 (size before relaxing)
 .debug_str     0x000000000007ee56      0x2dd ./Drivers/STM32L0xx_HAL_Driver/Src/stm32l0xx_hal_cortex.o
                                      0x79d4d (size before relaxing)
 .debug_str     0x000000000007f133      0x32b ./Drivers/STM32L0xx_HAL_Driver/Src/stm32l0xx_hal_rcc.o
                                      0x79dab (size before relaxing)
 .debug_str     0x000000000007f45e      0xe13 ./Drivers/STM32L0xx_HAL_Driver/Src/stm32l0xx_hal_tim.o
                                      0x7ab80 (size before relaxing)
 .debug_str     0x0000000000080271     0x4f92 ./ThirdParty/FreeRTOS/tasks.o
                                       0xdc80 (size before relaxing)
 .debug_str     0x0000000000085203      0x429 ./ThirdParty/FreeRTOS/portable/GCC/ARM_CM0/port.o
                                       0x8fe9 (size before relaxing)

.comment        0x0000000000000000       0x53
 .comment       0x0000000000000000       0x53 ./Core/Src/main.o
                                         0x54 (size before relaxing)
 .comment       0x0000000000000053       0x54 ./Core/Src/stm32l0xx_hal_msp.o
 .comment       0x0000000000000053       0x54 ./Core/Src/stm32l0xx_hal_timebase_tim.o
 .comment       0x0000000000000053       0x54 ./Core/Src/stm32l0xx_it.o
 .comment       0x0000000000000053       0x54 ./Core/Src/system_stm32l0xx.o
 .comment       0x0000000000000053       0x54 ./Drivers/STM32L0xx_HAL_Driver/Src/stm32l0xx_hal.o
 .comment       0x0000000000000053       0x54 ./Drivers/STM32L0xx_HAL_Driver/Src/stm32l0xx_hal_cortex.o
 .comment       0x0000000000000053       0x54 ./Drivers/STM32L0xx_HAL_Driver/Src/stm32l0xx_hal_rcc.o
 .comment       0x0000000000000053       0x54 ./Drivers/STM32L0xx_HAL_Driver/Src/stm32l0xx_hal_tim.o
 .comment       0x0000000000000053       0x54 ./ThirdParty/FreeRTOS/tasks.o
 .comment       0x0000000000000053       0x54 ./ThirdParty/FreeRTOS/portable/GCC/ARM_CM0/port.o

.debug_frame    0x0000000000000000     0x22e4
 .debug_frame   0x0000000000000000       0xa8 ./Core/Src/main.o
 .debug_frame   0x00000000000000a8       0x2c ./Core/Src/stm32l0xx_hal_msp.o
 .debug_frame   0x00000000000000d4       0x68 ./Core/Src/stm32l0xx_hal_timebase_tim.o
 .debug_frame   0x000000000000013c       0x64 ./Core/Src/stm32l0xx_it.o
 .debug_frame   0x00000000000001a0       0x4c ./Core/Src/system_stm32l0xx.o
 .debug_frame   0x00000000000001ec      0x394 ./Drivers/STM32L0xx_HAL_Driver/Src/stm32l0xx_hal.o
 .debug_frame   0x0000000000000580      0x2fc ./Drivers/STM32L0xx_HAL_Driver/Src/stm32l0xx_hal_cortex.o
 .debug_frame   0x000000000000087c      0x1a8 ./Drivers/STM32L0xx_HAL_Driver/Src/stm32l0xx_hal_rcc.o
 .debug_frame   0x0000000000000a24      0xef8 ./Drivers/STM32L0xx_HAL_Driver/Src/stm32l0xx_hal_tim.o
 .debug_frame   0x000000000000191c      0x778 ./ThirdParty/FreeRTOS/tasks.o
 .debug_frame   0x0000000000002094      0x174 ./ThirdParty/FreeRTOS/portable/GCC/ARM_CM0/port.o
 .debug_frame   0x0000000000002208       0x2c c:/st/stm32cubeide_1.8.0/stm32cubeide/plugins/com.st.stm32cube.ide.mcu.externaltools.gnu-tools-for-stm32.9-2020-q2-update.win32_2.0.0.202105311346/tools/bin/../lib/gcc/arm-none-eabi/9.3.1/../../../../arm-none-eabi/lib/thumb/v6-m/nofp\libc_nano.a(lib_a-init.o)
 .debug_frame   0x0000000000002234       0x20 c:/st/stm32cubeide_1.8.0/stm32cubeide/plugins/com.st.stm32cube.ide.mcu.externaltools.gnu-tools-for-stm32.9-2020-q2-update.win32_2.0.0.202105311346/tools/bin/../lib/gcc/arm-none-eabi/9.3.1/../../../../arm-none-eabi/lib/thumb/v6-m/nofp\libc_nano.a(lib_a-memset.o)
 .debug_frame   0x0000000000002254       0x20 c:/st/stm32cubeide_1.8.0/stm32cubeide/plugins/com.st.stm32cube.ide.mcu.externaltools.gnu-tools-for-stm32.9-2020-q2-update.win32_2.0.0.202105311346/tools/bin/../lib/gcc/arm-none-eabi/9.3.1/thumb/v6-m/nofp\libgcc.a(_udivsi3.o)
 .debug_frame   0x0000000000002274       0x34 c:/st/stm32cubeide_1.8.0/stm32cubeide/plugins/com.st.stm32cube.ide.mcu.externaltools.gnu-tools-for-stm32.9-2020-q2-update.win32_2.0.0.202105311346/tools/bin/../lib/gcc/arm-none-eabi/9.3.1/thumb/v6-m/nofp\libgcc.a(_muldi3.o)
 .debug_frame   0x00000000000022a8       0x3c c:/st/stm32cubeide_1.8.0/stm32cubeide/plugins/com.st.stm32cube.ide.mcu.externaltools.gnu-tools-for-stm32.9-2020-q2-update.win32_2.0.0.202105311346/tools/bin/../lib/gcc/arm-none-eabi/9.3.1/thumb/v6-m/nofp\libgcc.a(_udivmoddi4.o)
