21:24:31 **** Build of configuration Debug for project 001_FreeRTOS ****
make -j4 all 
arm-none-eabi-gcc "../ThirdParty/FreeRTOS/portable/MemMang/heap_4.c" -mcpu=cortex-m0plus -std=gnu11 -g3 -DDEBUG -DUSE_HAL_DRIVER -DSTM32L073xx -c -I../Core/Inc -I"C:/Users/devashishmishra/OneDrive - Nagarro/Devashish_work/Learning/FreeRTOS/WorkSpace/001_FreeRTOS/ThirdParty/FreeRTOS" -I"C:/Users/devashishmishra/OneDrive - Nagarro/Devashish_work/Learning/FreeRTOS/WorkSpace/001_FreeRTOS/ThirdParty/FreeRTOS/include" -I"C:/Users/devashishmishra/OneDrive - Nagarro/Devashish_work/Learning/FreeRTOS/WorkSpace/001_FreeRTOS/ThirdParty/FreeRTOS/portable/GCC/ARM_CM0" -I../Drivers/STM32L0xx_HAL_Driver/Inc -I../Drivers/STM32L0xx_HAL_Driver/Inc/Legacy -I../Drivers/CMSIS/Device/ST/STM32L0xx/Include -I../Drivers/CMSIS/Include -O0 -ffunction-sections -fdata-sections -Wall -fstack-usage -MMD -MP -MF"ThirdParty/FreeRTOS/portable/MemMang/heap_4.d" -MT"ThirdParty/FreeRTOS/portable/MemMang/heap_4.o" --specs=nano.specs -mfloat-abi=soft -mthumb -o "ThirdParty/FreeRTOS/portable/MemMang/heap_4.o"
arm-none-eabi-gcc "../ThirdParty/FreeRTOS/portable/GCC/ARM_CM0/port.c" -mcpu=cortex-m0plus -std=gnu11 -g3 -DDEBUG -DUSE_HAL_DRIVER -DSTM32L073xx -c -I../Core/Inc -I"C:/Users/devashishmishra/OneDrive - Nagarro/Devashish_work/Learning/FreeRTOS/WorkSpace/001_FreeRTOS/ThirdParty/FreeRTOS" -I"C:/Users/devashishmishra/OneDrive - Nagarro/Devashish_work/Learning/FreeRTOS/WorkSpace/001_FreeRTOS/ThirdParty/FreeRTOS/include" -I"C:/Users/devashishmishra/OneDrive - Nagarro/Devashish_work/Learning/FreeRTOS/WorkSpace/001_FreeRTOS/ThirdParty/FreeRTOS/portable/GCC/ARM_CM0" -I../Drivers/STM32L0xx_HAL_Driver/Inc -I../Drivers/STM32L0xx_HAL_Driver/Inc/Legacy -I../Drivers/CMSIS/Device/ST/STM32L0xx/Include -I../Drivers/CMSIS/Include -O0 -ffunction-sections -fdata-sections -Wall -fstack-usage -MMD -MP -MF"ThirdParty/FreeRTOS/portable/GCC/ARM_CM0/port.d" -MT"ThirdParty/FreeRTOS/portable/GCC/ARM_CM0/port.o" --specs=nano.specs -mfloat-abi=soft -mthumb -o "ThirdParty/FreeRTOS/portable/GCC/ARM_CM0/port.o"
arm-none-eabi-gcc "../ThirdParty/FreeRTOS/croutine.c" -mcpu=cortex-m0plus -std=gnu11 -g3 -DDEBUG -DUSE_HAL_DRIVER -DSTM32L073xx -c -I../Core/Inc -I"C:/Users/devashishmishra/OneDrive - Nagarro/Devashish_work/Learning/FreeRTOS/WorkSpace/001_FreeRTOS/ThirdParty/FreeRTOS" -I"C:/Users/devashishmishra/OneDrive - Nagarro/Devashish_work/Learning/FreeRTOS/WorkSpace/001_FreeRTOS/ThirdParty/FreeRTOS/include" -I"C:/Users/devashishmishra/OneDrive - Nagarro/Devashish_work/Learning/FreeRTOS/WorkSpace/001_FreeRTOS/ThirdParty/FreeRTOS/portable/GCC/ARM_CM0" -I../Drivers/STM32L0xx_HAL_Driver/Inc -I../Drivers/STM32L0xx_HAL_Driver/Inc/Legacy -I../Drivers/CMSIS/Device/ST/STM32L0xx/Include -I../Drivers/CMSIS/Include -O0 -ffunction-sections -fdata-sections -Wall -fstack-usage -MMD -MP -MF"ThirdParty/FreeRTOS/croutine.d" -MT"ThirdParty/FreeRTOS/croutine.o" --specs=nano.specs -mfloat-abi=soft -mthumb -o "ThirdParty/FreeRTOS/croutine.o"
arm-none-eabi-gcc "../ThirdParty/FreeRTOS/event_groups.c" -mcpu=cortex-m0plus -std=gnu11 -g3 -DDEBUG -DUSE_HAL_DRIVER -DSTM32L073xx -c -I../Core/Inc -I"C:/Users/devashishmishra/OneDrive - Nagarro/Devashish_work/Learning/FreeRTOS/WorkSpace/001_FreeRTOS/ThirdParty/FreeRTOS" -I"C:/Users/devashishmishra/OneDrive - Nagarro/Devashish_work/Learning/FreeRTOS/WorkSpace/001_FreeRTOS/ThirdParty/FreeRTOS/include" -I"C:/Users/devashishmishra/OneDrive - Nagarro/Devashish_work/Learning/FreeRTOS/WorkSpace/001_FreeRTOS/ThirdParty/FreeRTOS/portable/GCC/ARM_CM0" -I../Drivers/STM32L0xx_HAL_Driver/Inc -I../Drivers/STM32L0xx_HAL_Driver/Inc/Legacy -I../Drivers/CMSIS/Device/ST/STM32L0xx/Include -I../Drivers/CMSIS/Include -O0 -ffunction-sections -fdata-sections -Wall -fstack-usage -MMD -MP -MF"ThirdParty/FreeRTOS/event_groups.d" -MT"ThirdParty/FreeRTOS/event_groups.o" --specs=nano.specs -mfloat-abi=soft -mthumb -o "ThirdParty/FreeRTOS/event_groups.o"
arm-none-eabi-gcc "../ThirdParty/FreeRTOS/list.c" -mcpu=cortex-m0plus -std=gnu11 -g3 -DDEBUG -DUSE_HAL_DRIVER -DSTM32L073xx -c -I../Core/Inc -I"C:/Users/devashishmishra/OneDrive - Nagarro/Devashish_work/Learning/FreeRTOS/WorkSpace/001_FreeRTOS/ThirdParty/FreeRTOS" -I"C:/Users/devashishmishra/OneDrive - Nagarro/Devashish_work/Learning/FreeRTOS/WorkSpace/001_FreeRTOS/ThirdParty/FreeRTOS/include" -I"C:/Users/devashishmishra/OneDrive - Nagarro/Devashish_work/Learning/FreeRTOS/WorkSpace/001_FreeRTOS/ThirdParty/FreeRTOS/portable/GCC/ARM_CM0" -I../Drivers/STM32L0xx_HAL_Driver/Inc -I../Drivers/STM32L0xx_HAL_Driver/Inc/Legacy -I../Drivers/CMSIS/Device/ST/STM32L0xx/Include -I../Drivers/CMSIS/Include -O0 -ffunction-sections -fdata-sections -Wall -fstack-usage -MMD -MP -MF"ThirdParty/FreeRTOS/list.d" -MT"ThirdParty/FreeRTOS/list.o" --specs=nano.specs -mfloat-abi=soft -mthumb -o "ThirdParty/FreeRTOS/list.o"
arm-none-eabi-gcc "../ThirdParty/FreeRTOS/queue.c" -mcpu=cortex-m0plus -std=gnu11 -g3 -DDEBUG -DUSE_HAL_DRIVER -DSTM32L073xx -c -I../Core/Inc -I"C:/Users/devashishmishra/OneDrive - Nagarro/Devashish_work/Learning/FreeRTOS/WorkSpace/001_FreeRTOS/ThirdParty/FreeRTOS" -I"C:/Users/devashishmishra/OneDrive - Nagarro/Devashish_work/Learning/FreeRTOS/WorkSpace/001_FreeRTOS/ThirdParty/FreeRTOS/include" -I"C:/Users/devashishmishra/OneDrive - Nagarro/Devashish_work/Learning/FreeRTOS/WorkSpace/001_FreeRTOS/ThirdParty/FreeRTOS/portable/GCC/ARM_CM0" -I../Drivers/STM32L0xx_HAL_Driver/Inc -I../Drivers/STM32L0xx_HAL_Driver/Inc/Legacy -I../Drivers/CMSIS/Device/ST/STM32L0xx/Include -I../Drivers/CMSIS/Include -O0 -ffunction-sections -fdata-sections -Wall -fstack-usage -MMD -MP -MF"ThirdParty/FreeRTOS/queue.d" -MT"ThirdParty/FreeRTOS/queue.o" --specs=nano.specs -mfloat-abi=soft -mthumb -o "ThirdParty/FreeRTOS/queue.o"
arm-none-eabi-gcc "../ThirdParty/FreeRTOS/stream_buffer.c" -mcpu=cortex-m0plus -std=gnu11 -g3 -DDEBUG -DUSE_HAL_DRIVER -DSTM32L073xx -c -I../Core/Inc -I"C:/Users/devashishmishra/OneDrive - Nagarro/Devashish_work/Learning/FreeRTOS/WorkSpace/001_FreeRTOS/ThirdParty/FreeRTOS" -I"C:/Users/devashishmishra/OneDrive - Nagarro/Devashish_work/Learning/FreeRTOS/WorkSpace/001_FreeRTOS/ThirdParty/FreeRTOS/include" -I"C:/Users/devashishmishra/OneDrive - Nagarro/Devashish_work/Learning/FreeRTOS/WorkSpace/001_FreeRTOS/ThirdParty/FreeRTOS/portable/GCC/ARM_CM0" -I../Drivers/STM32L0xx_HAL_Driver/Inc -I../Drivers/STM32L0xx_HAL_Driver/Inc/Legacy -I../Drivers/CMSIS/Device/ST/STM32L0xx/Include -I../Drivers/CMSIS/Include -O0 -ffunction-sections -fdata-sections -Wall -fstack-usage -MMD -MP -MF"ThirdParty/FreeRTOS/stream_buffer.d" -MT"ThirdParty/FreeRTOS/stream_buffer.o" --specs=nano.specs -mfloat-abi=soft -mthumb -o "ThirdParty/FreeRTOS/stream_buffer.o"
arm-none-eabi-gcc "../ThirdParty/FreeRTOS/tasks.c" -mcpu=cortex-m0plus -std=gnu11 -g3 -DDEBUG -DUSE_HAL_DRIVER -DSTM32L073xx -c -I../Core/Inc -I"C:/Users/devashishmishra/OneDrive - Nagarro/Devashish_work/Learning/FreeRTOS/WorkSpace/001_FreeRTOS/ThirdParty/FreeRTOS" -I"C:/Users/devashishmishra/OneDrive - Nagarro/Devashish_work/Learning/FreeRTOS/WorkSpace/001_FreeRTOS/ThirdParty/FreeRTOS/include" -I"C:/Users/devashishmishra/OneDrive - Nagarro/Devashish_work/Learning/FreeRTOS/WorkSpace/001_FreeRTOS/ThirdParty/FreeRTOS/portable/GCC/ARM_CM0" -I../Drivers/STM32L0xx_HAL_Driver/Inc -I../Drivers/STM32L0xx_HAL_Driver/Inc/Legacy -I../Drivers/CMSIS/Device/ST/STM32L0xx/Include -I../Drivers/CMSIS/Include -O0 -ffunction-sections -fdata-sections -Wall -fstack-usage -MMD -MP -MF"ThirdParty/FreeRTOS/tasks.d" -MT"ThirdParty/FreeRTOS/tasks.o" --specs=nano.specs -mfloat-abi=soft -mthumb -o "ThirdParty/FreeRTOS/tasks.o"
arm-none-eabi-gcc "../ThirdParty/FreeRTOS/timers.c" -mcpu=cortex-m0plus -std=gnu11 -g3 -DDEBUG -DUSE_HAL_DRIVER -DSTM32L073xx -c -I../Core/Inc -I"C:/Users/devashishmishra/OneDrive - Nagarro/Devashish_work/Learning/FreeRTOS/WorkSpace/001_FreeRTOS/ThirdParty/FreeRTOS" -I"C:/Users/devashishmishra/OneDrive - Nagarro/Devashish_work/Learning/FreeRTOS/WorkSpace/001_FreeRTOS/ThirdParty/FreeRTOS/include" -I"C:/Users/devashishmishra/OneDrive - Nagarro/Devashish_work/Learning/FreeRTOS/WorkSpace/001_FreeRTOS/ThirdParty/FreeRTOS/portable/GCC/ARM_CM0" -I../Drivers/STM32L0xx_HAL_Driver/Inc -I../Drivers/STM32L0xx_HAL_Driver/Inc/Legacy -I../Drivers/CMSIS/Device/ST/STM32L0xx/Include -I../Drivers/CMSIS/Include -O0 -ffunction-sections -fdata-sections -Wall -fstack-usage -MMD -MP -MF"ThirdParty/FreeRTOS/timers.d" -MT"ThirdParty/FreeRTOS/timers.o" --specs=nano.specs -mfloat-abi=soft -mthumb -o "ThirdParty/FreeRTOS/timers.o"
arm-none-eabi-gcc "../Drivers/STM32L0xx_HAL_Driver/Src/stm32l0xx_hal.c" -mcpu=cortex-m0plus -std=gnu11 -g3 -DDEBUG -DUSE_HAL_DRIVER -DSTM32L073xx -c -I../Core/Inc -I"C:/Users/devashishmishra/OneDrive - Nagarro/Devashish_work/Learning/FreeRTOS/WorkSpace/001_FreeRTOS/ThirdParty/FreeRTOS" -I"C:/Users/devashishmishra/OneDrive - Nagarro/Devashish_work/Learning/FreeRTOS/WorkSpace/001_FreeRTOS/ThirdParty/FreeRTOS/include" -I"C:/Users/devashishmishra/OneDrive - Nagarro/Devashish_work/Learning/FreeRTOS/WorkSpace/001_FreeRTOS/ThirdParty/FreeRTOS/portable/GCC/ARM_CM0" -I../Drivers/STM32L0xx_HAL_Driver/Inc -I../Drivers/STM32L0xx_HAL_Driver/Inc/Legacy -I../Drivers/CMSIS/Device/ST/STM32L0xx/Include -I../Drivers/CMSIS/Include -O0 -ffunction-sections -fdata-sections -Wall -fstack-usage -MMD -MP -MF"Drivers/STM32L0xx_HAL_Driver/Src/stm32l0xx_hal.d" -MT"Drivers/STM32L0xx_HAL_Driver/Src/stm32l0xx_hal.o" --specs=nano.specs -mfloat-abi=soft -mthumb -o "Drivers/STM32L0xx_HAL_Driver/Src/stm32l0xx_hal.o"
arm-none-eabi-gcc "../Drivers/STM32L0xx_HAL_Driver/Src/stm32l0xx_hal_cortex.c" -mcpu=cortex-m0plus -std=gnu11 -g3 -DDEBUG -DUSE_HAL_DRIVER -DSTM32L073xx -c -I../Core/Inc -I"C:/Users/devashishmishra/OneDrive - Nagarro/Devashish_work/Learning/FreeRTOS/WorkSpace/001_FreeRTOS/ThirdParty/FreeRTOS" -I"C:/Users/devashishmishra/OneDrive - Nagarro/Devashish_work/Learning/FreeRTOS/WorkSpace/001_FreeRTOS/ThirdParty/FreeRTOS/include" -I"C:/Users/devashishmishra/OneDrive - Nagarro/Devashish_work/Learning/FreeRTOS/WorkSpace/001_FreeRTOS/ThirdParty/FreeRTOS/portable/GCC/ARM_CM0" -I../Drivers/STM32L0xx_HAL_Driver/Inc -I../Drivers/STM32L0xx_HAL_Driver/Inc/Legacy -I../Drivers/CMSIS/Device/ST/STM32L0xx/Include -I../Drivers/CMSIS/Include -O0 -ffunction-sections -fdata-sections -Wall -fstack-usage -MMD -MP -MF"Drivers/STM32L0xx_HAL_Driver/Src/stm32l0xx_hal_cortex.d" -MT"Drivers/STM32L0xx_HAL_Driver/Src/stm32l0xx_hal_cortex.o" --specs=nano.specs -mfloat-abi=soft -mthumb -o "Drivers/STM32L0xx_HAL_Driver/Src/stm32l0xx_hal_cortex.o"
arm-none-eabi-gcc "../Drivers/STM32L0xx_HAL_Driver/Src/stm32l0xx_hal_dma.c" -mcpu=cortex-m0plus -std=gnu11 -g3 -DDEBUG -DUSE_HAL_DRIVER -DSTM32L073xx -c -I../Core/Inc -I"C:/Users/devashishmishra/OneDrive - Nagarro/Devashish_work/Learning/FreeRTOS/WorkSpace/001_FreeRTOS/ThirdParty/FreeRTOS" -I"C:/Users/devashishmishra/OneDrive - Nagarro/Devashish_work/Learning/FreeRTOS/WorkSpace/001_FreeRTOS/ThirdParty/FreeRTOS/include" -I"C:/Users/devashishmishra/OneDrive - Nagarro/Devashish_work/Learning/FreeRTOS/WorkSpace/001_FreeRTOS/ThirdParty/FreeRTOS/portable/GCC/ARM_CM0" -I../Drivers/STM32L0xx_HAL_Driver/Inc -I../Drivers/STM32L0xx_HAL_Driver/Inc/Legacy -I../Drivers/CMSIS/Device/ST/STM32L0xx/Include -I../Drivers/CMSIS/Include -O0 -ffunction-sections -fdata-sections -Wall -fstack-usage -MMD -MP -MF"Drivers/STM32L0xx_HAL_Driver/Src/stm32l0xx_hal_dma.d" -MT"Drivers/STM32L0xx_HAL_Driver/Src/stm32l0xx_hal_dma.o" --specs=nano.specs -mfloat-abi=soft -mthumb -o "Drivers/STM32L0xx_HAL_Driver/Src/stm32l0xx_hal_dma.o"
arm-none-eabi-gcc "../Drivers/STM32L0xx_HAL_Driver/Src/stm32l0xx_hal_exti.c" -mcpu=cortex-m0plus -std=gnu11 -g3 -DDEBUG -DUSE_HAL_DRIVER -DSTM32L073xx -c -I../Core/Inc -I"C:/Users/devashishmishra/OneDrive - Nagarro/Devashish_work/Learning/FreeRTOS/WorkSpace/001_FreeRTOS/ThirdParty/FreeRTOS" -I"C:/Users/devashishmishra/OneDrive - Nagarro/Devashish_work/Learning/FreeRTOS/WorkSpace/001_FreeRTOS/ThirdParty/FreeRTOS/include" -I"C:/Users/devashishmishra/OneDrive - Nagarro/Devashish_work/Learning/FreeRTOS/WorkSpace/001_FreeRTOS/ThirdParty/FreeRTOS/portable/GCC/ARM_CM0" -I../Drivers/STM32L0xx_HAL_Driver/Inc -I../Drivers/STM32L0xx_HAL_Driver/Inc/Legacy -I../Drivers/CMSIS/Device/ST/STM32L0xx/Include -I../Drivers/CMSIS/Include -O0 -ffunction-sections -fdata-sections -Wall -fstack-usage -MMD -MP -MF"Drivers/STM32L0xx_HAL_Driver/Src/stm32l0xx_hal_exti.d" -MT"Drivers/STM32L0xx_HAL_Driver/Src/stm32l0xx_hal_exti.o" --specs=nano.specs -mfloat-abi=soft -mthumb -o "Drivers/STM32L0xx_HAL_Driver/Src/stm32l0xx_hal_exti.o"
arm-none-eabi-gcc "../Drivers/STM32L0xx_HAL_Driver/Src/stm32l0xx_hal_flash.c" -mcpu=cortex-m0plus -std=gnu11 -g3 -DDEBUG -DUSE_HAL_DRIVER -DSTM32L073xx -c -I../Core/Inc -I"C:/Users/devashishmishra/OneDrive - Nagarro/Devashish_work/Learning/FreeRTOS/WorkSpace/001_FreeRTOS/ThirdParty/FreeRTOS" -I"C:/Users/devashishmishra/OneDrive - Nagarro/Devashish_work/Learning/FreeRTOS/WorkSpace/001_FreeRTOS/ThirdParty/FreeRTOS/include" -I"C:/Users/devashishmishra/OneDrive - Nagarro/Devashish_work/Learning/FreeRTOS/WorkSpace/001_FreeRTOS/ThirdParty/FreeRTOS/portable/GCC/ARM_CM0" -I../Drivers/STM32L0xx_HAL_Driver/Inc -I../Drivers/STM32L0xx_HAL_Driver/Inc/Legacy -I../Drivers/CMSIS/Device/ST/STM32L0xx/Include -I../Drivers/CMSIS/Include -O0 -ffunction-sections -fdata-sections -Wall -fstack-usage -MMD -MP -MF"Drivers/STM32L0xx_HAL_Driver/Src/stm32l0xx_hal_flash.d" -MT"Drivers/STM32L0xx_HAL_Driver/Src/stm32l0xx_hal_flash.o" --specs=nano.specs -mfloat-abi=soft -mthumb -o "Drivers/STM32L0xx_HAL_Driver/Src/stm32l0xx_hal_flash.o"
arm-none-eabi-gcc "../Drivers/STM32L0xx_HAL_Driver/Src/stm32l0xx_hal_flash_ex.c" -mcpu=cortex-m0plus -std=gnu11 -g3 -DDEBUG -DUSE_HAL_DRIVER -DSTM32L073xx -c -I../Core/Inc -I"C:/Users/devashishmishra/OneDrive - Nagarro/Devashish_work/Learning/FreeRTOS/WorkSpace/001_FreeRTOS/ThirdParty/FreeRTOS" -I"C:/Users/devashishmishra/OneDrive - Nagarro/Devashish_work/Learning/FreeRTOS/WorkSpace/001_FreeRTOS/ThirdParty/FreeRTOS/include" -I"C:/Users/devashishmishra/OneDrive - Nagarro/Devashish_work/Learning/FreeRTOS/WorkSpace/001_FreeRTOS/ThirdParty/FreeRTOS/portable/GCC/ARM_CM0" -I../Drivers/STM32L0xx_HAL_Driver/Inc -I../Drivers/STM32L0xx_HAL_Driver/Inc/Legacy -I../Drivers/CMSIS/Device/ST/STM32L0xx/Include -I../Drivers/CMSIS/Include -O0 -ffunction-sections -fdata-sections -Wall -fstack-usage -MMD -MP -MF"Drivers/STM32L0xx_HAL_Driver/Src/stm32l0xx_hal_flash_ex.d" -MT"Drivers/STM32L0xx_HAL_Driver/Src/stm32l0xx_hal_flash_ex.o" --specs=nano.specs -mfloat-abi=soft -mthumb -o "Drivers/STM32L0xx_HAL_Driver/Src/stm32l0xx_hal_flash_ex.o"
arm-none-eabi-gcc "../Drivers/STM32L0xx_HAL_Driver/Src/stm32l0xx_hal_flash_ramfunc.c" -mcpu=cortex-m0plus -std=gnu11 -g3 -DDEBUG -DUSE_HAL_DRIVER -DSTM32L073xx -c -I../Core/Inc -I"C:/Users/devashishmishra/OneDrive - Nagarro/Devashish_work/Learning/FreeRTOS/WorkSpace/001_FreeRTOS/ThirdParty/FreeRTOS" -I"C:/Users/devashishmishra/OneDrive - Nagarro/Devashish_work/Learning/FreeRTOS/WorkSpace/001_FreeRTOS/ThirdParty/FreeRTOS/include" -I"C:/Users/devashishmishra/OneDrive - Nagarro/Devashish_work/Learning/FreeRTOS/WorkSpace/001_FreeRTOS/ThirdParty/FreeRTOS/portable/GCC/ARM_CM0" -I../Drivers/STM32L0xx_HAL_Driver/Inc -I../Drivers/STM32L0xx_HAL_Driver/Inc/Legacy -I../Drivers/CMSIS/Device/ST/STM32L0xx/Include -I../Drivers/CMSIS/Include -O0 -ffunction-sections -fdata-sections -Wall -fstack-usage -MMD -MP -MF"Drivers/STM32L0xx_HAL_Driver/Src/stm32l0xx_hal_flash_ramfunc.d" -MT"Drivers/STM32L0xx_HAL_Driver/Src/stm32l0xx_hal_flash_ramfunc.o" --specs=nano.specs -mfloat-abi=soft -mthumb -o "Drivers/STM32L0xx_HAL_Driver/Src/stm32l0xx_hal_flash_ramfunc.o"
arm-none-eabi-gcc "../Drivers/STM32L0xx_HAL_Driver/Src/stm32l0xx_hal_gpio.c" -mcpu=cortex-m0plus -std=gnu11 -g3 -DDEBUG -DUSE_HAL_DRIVER -DSTM32L073xx -c -I../Core/Inc -I"C:/Users/devashishmishra/OneDrive - Nagarro/Devashish_work/Learning/FreeRTOS/WorkSpace/001_FreeRTOS/ThirdParty/FreeRTOS" -I"C:/Users/devashishmishra/OneDrive - Nagarro/Devashish_work/Learning/FreeRTOS/WorkSpace/001_FreeRTOS/ThirdParty/FreeRTOS/include" -I"C:/Users/devashishmishra/OneDrive - Nagarro/Devashish_work/Learning/FreeRTOS/WorkSpace/001_FreeRTOS/ThirdParty/FreeRTOS/portable/GCC/ARM_CM0" -I../Drivers/STM32L0xx_HAL_Driver/Inc -I../Drivers/STM32L0xx_HAL_Driver/Inc/Legacy -I../Drivers/CMSIS/Device/ST/STM32L0xx/Include -I../Drivers/CMSIS/Include -O0 -ffunction-sections -fdata-sections -Wall -fstack-usage -MMD -MP -MF"Drivers/STM32L0xx_HAL_Driver/Src/stm32l0xx_hal_gpio.d" -MT"Drivers/STM32L0xx_HAL_Driver/Src/stm32l0xx_hal_gpio.o" --specs=nano.specs -mfloat-abi=soft -mthumb -o "Drivers/STM32L0xx_HAL_Driver/Src/stm32l0xx_hal_gpio.o"
arm-none-eabi-gcc "../Drivers/STM32L0xx_HAL_Driver/Src/stm32l0xx_hal_i2c.c" -mcpu=cortex-m0plus -std=gnu11 -g3 -DDEBUG -DUSE_HAL_DRIVER -DSTM32L073xx -c -I../Core/Inc -I"C:/Users/devashishmishra/OneDrive - Nagarro/Devashish_work/Learning/FreeRTOS/WorkSpace/001_FreeRTOS/ThirdParty/FreeRTOS" -I"C:/Users/devashishmishra/OneDrive - Nagarro/Devashish_work/Learning/FreeRTOS/WorkSpace/001_FreeRTOS/ThirdParty/FreeRTOS/include" -I"C:/Users/devashishmishra/OneDrive - Nagarro/Devashish_work/Learning/FreeRTOS/WorkSpace/001_FreeRTOS/ThirdParty/FreeRTOS/portable/GCC/ARM_CM0" -I../Drivers/STM32L0xx_HAL_Driver/Inc -I../Drivers/STM32L0xx_HAL_Driver/Inc/Legacy -I../Drivers/CMSIS/Device/ST/STM32L0xx/Include -I../Drivers/CMSIS/Include -O0 -ffunction-sections -fdata-sections -Wall -fstack-usage -MMD -MP -MF"Drivers/STM32L0xx_HAL_Driver/Src/stm32l0xx_hal_i2c.d" -MT"Drivers/STM32L0xx_HAL_Driver/Src/stm32l0xx_hal_i2c.o" --specs=nano.specs -mfloat-abi=soft -mthumb -o "Drivers/STM32L0xx_HAL_Driver/Src/stm32l0xx_hal_i2c.o"
arm-none-eabi-gcc "../Drivers/STM32L0xx_HAL_Driver/Src/stm32l0xx_hal_i2c_ex.c" -mcpu=cortex-m0plus -std=gnu11 -g3 -DDEBUG -DUSE_HAL_DRIVER -DSTM32L073xx -c -I../Core/Inc -I"C:/Users/devashishmishra/OneDrive - Nagarro/Devashish_work/Learning/FreeRTOS/WorkSpace/001_FreeRTOS/ThirdParty/FreeRTOS" -I"C:/Users/devashishmishra/OneDrive - Nagarro/Devashish_work/Learning/FreeRTOS/WorkSpace/001_FreeRTOS/ThirdParty/FreeRTOS/include" -I"C:/Users/devashishmishra/OneDrive - Nagarro/Devashish_work/Learning/FreeRTOS/WorkSpace/001_FreeRTOS/ThirdParty/FreeRTOS/portable/GCC/ARM_CM0" -I../Drivers/STM32L0xx_HAL_Driver/Inc -I../Drivers/STM32L0xx_HAL_Driver/Inc/Legacy -I../Drivers/CMSIS/Device/ST/STM32L0xx/Include -I../Drivers/CMSIS/Include -O0 -ffunction-sections -fdata-sections -Wall -fstack-usage -MMD -MP -MF"Drivers/STM32L0xx_HAL_Driver/Src/stm32l0xx_hal_i2c_ex.d" -MT"Drivers/STM32L0xx_HAL_Driver/Src/stm32l0xx_hal_i2c_ex.o" --specs=nano.specs -mfloat-abi=soft -mthumb -o "Drivers/STM32L0xx_HAL_Driver/Src/stm32l0xx_hal_i2c_ex.o"
arm-none-eabi-gcc "../Drivers/STM32L0xx_HAL_Driver/Src/stm32l0xx_hal_pwr.c" -mcpu=cortex-m0plus -std=gnu11 -g3 -DDEBUG -DUSE_HAL_DRIVER -DSTM32L073xx -c -I../Core/Inc -I"C:/Users/devashishmishra/OneDrive - Nagarro/Devashish_work/Learning/FreeRTOS/WorkSpace/001_FreeRTOS/ThirdParty/FreeRTOS" -I"C:/Users/devashishmishra/OneDrive - Nagarro/Devashish_work/Learning/FreeRTOS/WorkSpace/001_FreeRTOS/ThirdParty/FreeRTOS/include" -I"C:/Users/devashishmishra/OneDrive - Nagarro/Devashish_work/Learning/FreeRTOS/WorkSpace/001_FreeRTOS/ThirdParty/FreeRTOS/portable/GCC/ARM_CM0" -I../Drivers/STM32L0xx_HAL_Driver/Inc -I../Drivers/STM32L0xx_HAL_Driver/Inc/Legacy -I../Drivers/CMSIS/Device/ST/STM32L0xx/Include -I../Drivers/CMSIS/Include -O0 -ffunction-sections -fdata-sections -Wall -fstack-usage -MMD -MP -MF"Drivers/STM32L0xx_HAL_Driver/Src/stm32l0xx_hal_pwr.d" -MT"Drivers/STM32L0xx_HAL_Driver/Src/stm32l0xx_hal_pwr.o" --specs=nano.specs -mfloat-abi=soft -mthumb -o "Drivers/STM32L0xx_HAL_Driver/Src/stm32l0xx_hal_pwr.o"
arm-none-eabi-gcc "../Drivers/STM32L0xx_HAL_Driver/Src/stm32l0xx_hal_pwr_ex.c" -mcpu=cortex-m0plus -std=gnu11 -g3 -DDEBUG -DUSE_HAL_DRIVER -DSTM32L073xx -c -I../Core/Inc -I"C:/Users/devashishmishra/OneDrive - Nagarro/Devashish_work/Learning/FreeRTOS/WorkSpace/001_FreeRTOS/ThirdParty/FreeRTOS" -I"C:/Users/devashishmishra/OneDrive - Nagarro/Devashish_work/Learning/FreeRTOS/WorkSpace/001_FreeRTOS/ThirdParty/FreeRTOS/include" -I"C:/Users/devashishmishra/OneDrive - Nagarro/Devashish_work/Learning/FreeRTOS/WorkSpace/001_FreeRTOS/ThirdParty/FreeRTOS/portable/GCC/ARM_CM0" -I../Drivers/STM32L0xx_HAL_Driver/Inc -I../Drivers/STM32L0xx_HAL_Driver/Inc/Legacy -I../Drivers/CMSIS/Device/ST/STM32L0xx/Include -I../Drivers/CMSIS/Include -O0 -ffunction-sections -fdata-sections -Wall -fstack-usage -MMD -MP -MF"Drivers/STM32L0xx_HAL_Driver/Src/stm32l0xx_hal_pwr_ex.d" -MT"Drivers/STM32L0xx_HAL_Driver/Src/stm32l0xx_hal_pwr_ex.o" --specs=nano.specs -mfloat-abi=soft -mthumb -o "Drivers/STM32L0xx_HAL_Driver/Src/stm32l0xx_hal_pwr_ex.o"
arm-none-eabi-gcc "../Drivers/STM32L0xx_HAL_Driver/Src/stm32l0xx_hal_rcc.c" -mcpu=cortex-m0plus -std=gnu11 -g3 -DDEBUG -DUSE_HAL_DRIVER -DSTM32L073xx -c -I../Core/Inc -I"C:/Users/devashishmishra/OneDrive - Nagarro/Devashish_work/Learning/FreeRTOS/WorkSpace/001_FreeRTOS/ThirdParty/FreeRTOS" -I"C:/Users/devashishmishra/OneDrive - Nagarro/Devashish_work/Learning/FreeRTOS/WorkSpace/001_FreeRTOS/ThirdParty/FreeRTOS/include" -I"C:/Users/devashishmishra/OneDrive - Nagarro/Devashish_work/Learning/FreeRTOS/WorkSpace/001_FreeRTOS/ThirdParty/FreeRTOS/portable/GCC/ARM_CM0" -I../Drivers/STM32L0xx_HAL_Driver/Inc -I../Drivers/STM32L0xx_HAL_Driver/Inc/Legacy -I../Drivers/CMSIS/Device/ST/STM32L0xx/Include -I../Drivers/CMSIS/Include -O0 -ffunction-sections -fdata-sections -Wall -fstack-usage -MMD -MP -MF"Drivers/STM32L0xx_HAL_Driver/Src/stm32l0xx_hal_rcc.d" -MT"Drivers/STM32L0xx_HAL_Driver/Src/stm32l0xx_hal_rcc.o" --specs=nano.specs -mfloat-abi=soft -mthumb -o "Drivers/STM32L0xx_HAL_Driver/Src/stm32l0xx_hal_rcc.o"
arm-none-eabi-gcc "../Drivers/STM32L0xx_HAL_Driver/Src/stm32l0xx_hal_rcc_ex.c" -mcpu=cortex-m0plus -std=gnu11 -g3 -DDEBUG -DUSE_HAL_DRIVER -DSTM32L073xx -c -I../Core/Inc -I"C:/Users/devashishmishra/OneDrive - Nagarro/Devashish_work/Learning/FreeRTOS/WorkSpace/001_FreeRTOS/ThirdParty/FreeRTOS" -I"C:/Users/devashishmishra/OneDrive - Nagarro/Devashish_work/Learning/FreeRTOS/WorkSpace/001_FreeRTOS/ThirdParty/FreeRTOS/include" -I"C:/Users/devashishmishra/OneDrive - Nagarro/Devashish_work/Learning/FreeRTOS/WorkSpace/001_FreeRTOS/ThirdParty/FreeRTOS/portable/GCC/ARM_CM0" -I../Drivers/STM32L0xx_HAL_Driver/Inc -I../Drivers/STM32L0xx_HAL_Driver/Inc/Legacy -I../Drivers/CMSIS/Device/ST/STM32L0xx/Include -I../Drivers/CMSIS/Include -O0 -ffunction-sections -fdata-sections -Wall -fstack-usage -MMD -MP -MF"Drivers/STM32L0xx_HAL_Driver/Src/stm32l0xx_hal_rcc_ex.d" -MT"Drivers/STM32L0xx_HAL_Driver/Src/stm32l0xx_hal_rcc_ex.o" --specs=nano.specs -mfloat-abi=soft -mthumb -o "Drivers/STM32L0xx_HAL_Driver/Src/stm32l0xx_hal_rcc_ex.o"
arm-none-eabi-gcc "../Drivers/STM32L0xx_HAL_Driver/Src/stm32l0xx_hal_tim.c" -mcpu=cortex-m0plus -std=gnu11 -g3 -DDEBUG -DUSE_HAL_DRIVER -DSTM32L073xx -c -I../Core/Inc -I"C:/Users/devashishmishra/OneDrive - Nagarro/Devashish_work/Learning/FreeRTOS/WorkSpace/001_FreeRTOS/ThirdParty/FreeRTOS" -I"C:/Users/devashishmishra/OneDrive - Nagarro/Devashish_work/Learning/FreeRTOS/WorkSpace/001_FreeRTOS/ThirdParty/FreeRTOS/include" -I"C:/Users/devashishmishra/OneDrive - Nagarro/Devashish_work/Learning/FreeRTOS/WorkSpace/001_FreeRTOS/ThirdParty/FreeRTOS/portable/GCC/ARM_CM0" -I../Drivers/STM32L0xx_HAL_Driver/Inc -I../Drivers/STM32L0xx_HAL_Driver/Inc/Legacy -I../Drivers/CMSIS/Device/ST/STM32L0xx/Include -I../Drivers/CMSIS/Include -O0 -ffunction-sections -fdata-sections -Wall -fstack-usage -MMD -MP -MF"Drivers/STM32L0xx_HAL_Driver/Src/stm32l0xx_hal_tim.d" -MT"Drivers/STM32L0xx_HAL_Driver/Src/stm32l0xx_hal_tim.o" --specs=nano.specs -mfloat-abi=soft -mthumb -o "Drivers/STM32L0xx_HAL_Driver/Src/stm32l0xx_hal_tim.o"
arm-none-eabi-gcc "../Drivers/STM32L0xx_HAL_Driver/Src/stm32l0xx_hal_tim_ex.c" -mcpu=cortex-m0plus -std=gnu11 -g3 -DDEBUG -DUSE_HAL_DRIVER -DSTM32L073xx -c -I../Core/Inc -I"C:/Users/devashishmishra/OneDrive - Nagarro/Devashish_work/Learning/FreeRTOS/WorkSpace/001_FreeRTOS/ThirdParty/FreeRTOS" -I"C:/Users/devashishmishra/OneDrive - Nagarro/Devashish_work/Learning/FreeRTOS/WorkSpace/001_FreeRTOS/ThirdParty/FreeRTOS/include" -I"C:/Users/devashishmishra/OneDrive - Nagarro/Devashish_work/Learning/FreeRTOS/WorkSpace/001_FreeRTOS/ThirdParty/FreeRTOS/portable/GCC/ARM_CM0" -I../Drivers/STM32L0xx_HAL_Driver/Inc -I../Drivers/STM32L0xx_HAL_Driver/Inc/Legacy -I../Drivers/CMSIS/Device/ST/STM32L0xx/Include -I../Drivers/CMSIS/Include -O0 -ffunction-sections -fdata-sections -Wall -fstack-usage -MMD -MP -MF"Drivers/STM32L0xx_HAL_Driver/Src/stm32l0xx_hal_tim_ex.d" -MT"Drivers/STM32L0xx_HAL_Driver/Src/stm32l0xx_hal_tim_ex.o" --specs=nano.specs -mfloat-abi=soft -mthumb -o "Drivers/STM32L0xx_HAL_Driver/Src/stm32l0xx_hal_tim_ex.o"
arm-none-eabi-gcc -mcpu=cortex-m0plus -g3 -DDEBUG -c -x assembler-with-cpp -MMD -MP -MF"Core/Startup/startup_stm32l073rztx.d" -MT"Core/Startup/startup_stm32l073rztx.o" --specs=nano.specs -mfloat-abi=soft -mthumb -o "Core/Startup/startup_stm32l073rztx.o" "../Core/Startup/startup_stm32l073rztx.s"
arm-none-eabi-gcc "../Core/Src/main.c" -mcpu=cortex-m0plus -std=gnu11 -g3 -DDEBUG -DUSE_HAL_DRIVER -DSTM32L073xx -c -I../Core/Inc -I"C:/Users/devashishmishra/OneDrive - Nagarro/Devashish_work/Learning/FreeRTOS/WorkSpace/001_FreeRTOS/ThirdParty/FreeRTOS" -I"C:/Users/devashishmishra/OneDrive - Nagarro/Devashish_work/Learning/FreeRTOS/WorkSpace/001_FreeRTOS/ThirdParty/FreeRTOS/include" -I"C:/Users/devashishmishra/OneDrive - Nagarro/Devashish_work/Learning/FreeRTOS/WorkSpace/001_FreeRTOS/ThirdParty/FreeRTOS/portable/GCC/ARM_CM0" -I../Drivers/STM32L0xx_HAL_Driver/Inc -I../Drivers/STM32L0xx_HAL_Driver/Inc/Legacy -I../Drivers/CMSIS/Device/ST/STM32L0xx/Include -I../Drivers/CMSIS/Include -O0 -ffunction-sections -fdata-sections -Wall -fstack-usage -MMD -MP -MF"Core/Src/main.d" -MT"Core/Src/main.o" --specs=nano.specs -mfloat-abi=soft -mthumb -o "Core/Src/main.o"
arm-none-eabi-gcc "../Core/Src/stm32l0xx_hal_msp.c" -mcpu=cortex-m0plus -std=gnu11 -g3 -DDEBUG -DUSE_HAL_DRIVER -DSTM32L073xx -c -I../Core/Inc -I"C:/Users/devashishmishra/OneDrive - Nagarro/Devashish_work/Learning/FreeRTOS/WorkSpace/001_FreeRTOS/ThirdParty/FreeRTOS" -I"C:/Users/devashishmishra/OneDrive - Nagarro/Devashish_work/Learning/FreeRTOS/WorkSpace/001_FreeRTOS/ThirdParty/FreeRTOS/include" -I"C:/Users/devashishmishra/OneDrive - Nagarro/Devashish_work/Learning/FreeRTOS/WorkSpace/001_FreeRTOS/ThirdParty/FreeRTOS/portable/GCC/ARM_CM0" -I../Drivers/STM32L0xx_HAL_Driver/Inc -I../Drivers/STM32L0xx_HAL_Driver/Inc/Legacy -I../Drivers/CMSIS/Device/ST/STM32L0xx/Include -I../Drivers/CMSIS/Include -O0 -ffunction-sections -fdata-sections -Wall -fstack-usage -MMD -MP -MF"Core/Src/stm32l0xx_hal_msp.d" -MT"Core/Src/stm32l0xx_hal_msp.o" --specs=nano.specs -mfloat-abi=soft -mthumb -o "Core/Src/stm32l0xx_hal_msp.o"
arm-none-eabi-gcc "../Core/Src/stm32l0xx_hal_timebase_tim.c" -mcpu=cortex-m0plus -std=gnu11 -g3 -DDEBUG -DUSE_HAL_DRIVER -DSTM32L073xx -c -I../Core/Inc -I"C:/Users/devashishmishra/OneDrive - Nagarro/Devashish_work/Learning/FreeRTOS/WorkSpace/001_FreeRTOS/ThirdParty/FreeRTOS" -I"C:/Users/devashishmishra/OneDrive - Nagarro/Devashish_work/Learning/FreeRTOS/WorkSpace/001_FreeRTOS/ThirdParty/FreeRTOS/include" -I"C:/Users/devashishmishra/OneDrive - Nagarro/Devashish_work/Learning/FreeRTOS/WorkSpace/001_FreeRTOS/ThirdParty/FreeRTOS/portable/GCC/ARM_CM0" -I../Drivers/STM32L0xx_HAL_Driver/Inc -I../Drivers/STM32L0xx_HAL_Driver/Inc/Legacy -I../Drivers/CMSIS/Device/ST/STM32L0xx/Include -I../Drivers/CMSIS/Include -O0 -ffunction-sections -fdata-sections -Wall -fstack-usage -MMD -MP -MF"Core/Src/stm32l0xx_hal_timebase_tim.d" -MT"Core/Src/stm32l0xx_hal_timebase_tim.o" --specs=nano.specs -mfloat-abi=soft -mthumb -o "Core/Src/stm32l0xx_hal_timebase_tim.o"
arm-none-eabi-gcc "../Core/Src/stm32l0xx_it.c" -mcpu=cortex-m0plus -std=gnu11 -g3 -DDEBUG -DUSE_HAL_DRIVER -DSTM32L073xx -c -I../Core/Inc -I"C:/Users/devashishmishra/OneDrive - Nagarro/Devashish_work/Learning/FreeRTOS/WorkSpace/001_FreeRTOS/ThirdParty/FreeRTOS" -I"C:/Users/devashishmishra/OneDrive - Nagarro/Devashish_work/Learning/FreeRTOS/WorkSpace/001_FreeRTOS/ThirdParty/FreeRTOS/include" -I"C:/Users/devashishmishra/OneDrive - Nagarro/Devashish_work/Learning/FreeRTOS/WorkSpace/001_FreeRTOS/ThirdParty/FreeRTOS/portable/GCC/ARM_CM0" -I../Drivers/STM32L0xx_HAL_Driver/Inc -I../Drivers/STM32L0xx_HAL_Driver/Inc/Legacy -I../Drivers/CMSIS/Device/ST/STM32L0xx/Include -I../Drivers/CMSIS/Include -O0 -ffunction-sections -fdata-sections -Wall -fstack-usage -MMD -MP -MF"Core/Src/stm32l0xx_it.d" -MT"Core/Src/stm32l0xx_it.o" --specs=nano.specs -mfloat-abi=soft -mthumb -o "Core/Src/stm32l0xx_it.o"
arm-none-eabi-gcc "../Core/Src/syscalls.c" -mcpu=cortex-m0plus -std=gnu11 -g3 -DDEBUG -DUSE_HAL_DRIVER -DSTM32L073xx -c -I../Core/Inc -I"C:/Users/devashishmishra/OneDrive - Nagarro/Devashish_work/Learning/FreeRTOS/WorkSpace/001_FreeRTOS/ThirdParty/FreeRTOS" -I"C:/Users/devashishmishra/OneDrive - Nagarro/Devashish_work/Learning/FreeRTOS/WorkSpace/001_FreeRTOS/ThirdParty/FreeRTOS/include" -I"C:/Users/devashishmishra/OneDrive - Nagarro/Devashish_work/Learning/FreeRTOS/WorkSpace/001_FreeRTOS/ThirdParty/FreeRTOS/portable/GCC/ARM_CM0" -I../Drivers/STM32L0xx_HAL_Driver/Inc -I../Drivers/STM32L0xx_HAL_Driver/Inc/Legacy -I../Drivers/CMSIS/Device/ST/STM32L0xx/Include -I../Drivers/CMSIS/Include -O0 -ffunction-sections -fdata-sections -Wall -fstack-usage -MMD -MP -MF"Core/Src/syscalls.d" -MT"Core/Src/syscalls.o" --specs=nano.specs -mfloat-abi=soft -mthumb -o "Core/Src/syscalls.o"
arm-none-eabi-gcc "../Core/Src/system_stm32l0xx.c" -mcpu=cortex-m0plus -std=gnu11 -g3 -DDEBUG -DUSE_HAL_DRIVER -DSTM32L073xx -c -I../Core/Inc -I"C:/Users/devashishmishra/OneDrive - Nagarro/Devashish_work/Learning/FreeRTOS/WorkSpace/001_FreeRTOS/ThirdParty/FreeRTOS" -I"C:/Users/devashishmishra/OneDrive - Nagarro/Devashish_work/Learning/FreeRTOS/WorkSpace/001_FreeRTOS/ThirdParty/FreeRTOS/include" -I"C:/Users/devashishmishra/OneDrive - Nagarro/Devashish_work/Learning/FreeRTOS/WorkSpace/001_FreeRTOS/ThirdParty/FreeRTOS/portable/GCC/ARM_CM0" -I../Drivers/STM32L0xx_HAL_Driver/Inc -I../Drivers/STM32L0xx_HAL_Driver/Inc/Legacy -I../Drivers/CMSIS/Device/ST/STM32L0xx/Include -I../Drivers/CMSIS/Include -O0 -ffunction-sections -fdata-sections -Wall -fstack-usage -MMD -MP -MF"Core/Src/system_stm32l0xx.d" -MT"Core/Src/system_stm32l0xx.o" --specs=nano.specs -mfloat-abi=soft -mthumb -o "Core/Src/system_stm32l0xx.o"
arm-none-eabi-gcc -o "001_FreeRTOS.elf" @"objects.list"   -mcpu=cortex-m0plus -T"C:\Users\devashishmishra\OneDrive - Nagarro\Devashish_work\Learning\FreeRTOS\WorkSpace\001_FreeRTOS\STM32L073RZTX_FLASH.ld" --specs=nosys.specs -Wl,-Map="001_FreeRTOS.map" -Wl,--gc-sections -static --specs=nano.specs -mfloat-abi=soft -mthumb -Wl,--start-group -lc -lm -Wl,--end-group
Finished building target: 001_FreeRTOS.elf
 
arm-none-eabi-size   001_FreeRTOS.elf 
arm-none-eabi-objdump -h -S  001_FreeRTOS.elf  > "001_FreeRTOS.list"
arm-none-eabi-objcopy  -O binary  001_FreeRTOS.elf  "001_FreeRTOS.bin"
   text	   data	    bss	    dec	    hex	filename
   7496	     20	   1772	   9288	   2448	001_FreeRTOS.elf
Finished building: default.size.stdout
 
Finished building: 001_FreeRTOS.bin
 
Finished building: 001_FreeRTOS.list
 

21:24:39 Build Finished. 0 errors, 0 warnings. (took 8s.255ms)

