22:55:12 **** Incremental Build of configuration Debug for project 001_FreeRTOS ****
make -j4 all 
arm-none-eabi-gcc "../Core/Src/main.c" -mcpu=cortex-m0plus -std=gnu11 -g3 -DDEBUG -DUSE_HAL_DRIVER -DSTM32L073xx -c -I../Core/Inc -I"C:/Users/devashishmishra/OneDrive - Nagarro/Devashish_work/Learning/FreeRTOS/WorkSpace/001_FreeRTOS/ThirdParty/FreeRTOS" -I"C:/Users/devashishmishra/OneDrive - Nagarro/Devashish_work/Learning/FreeRTOS/WorkSpace/001_FreeRTOS/ThirdParty/FreeRTOS/include" -I"C:/Users/devashishmishra/OneDrive - Nagarro/Devashish_work/Learning/FreeRTOS/WorkSpace/001_FreeRTOS/ThirdParty/FreeRTOS/portable/GCC/ARM_CM0" -I../Drivers/STM32L0xx_HAL_Driver/Inc -I../Drivers/STM32L0xx_HAL_Driver/Inc/Legacy -I../Drivers/CMSIS/Device/ST/STM32L0xx/Include -I../Drivers/CMSIS/Include -O0 -ffunction-sections -fdata-sections -Wall -fstack-usage -MMD -MP -MF"Core/Src/main.d" -MT"Core/Src/main.o" --specs=nano.specs -mfloat-abi=soft -mthumb -o "Core/Src/main.o"
../Core/Src/main.c: In function 'task1_handler':
../Core/Src/main.c:183:3: warning: implicit declaration of function 'printf' [-Wimplicit-function-declaration]
  183 |   printf("%s\n",(char*)parameters);
      |   ^~~~~~
../Core/Src/main.c:183:3: warning: incompatible implicit declaration of built-in function 'printf'
../Core/Src/main.c:26:1: note: include '<stdio.h>' or provide a declaration of 'printf'
   25 | #include "task.h"
  +++ |+#include <stdio.h>
   26 | 
../Core/Src/main.c: In function 'task2_handler':
../Core/Src/main.c:189:3: warning: incompatible implicit declaration of built-in function 'printf'
  189 |   printf("%s\n",(char*)parameters);
      |   ^~~~~~
../Core/Src/main.c:189:3: note: include '<stdio.h>' or provide a declaration of 'printf'
arm-none-eabi-gcc -o "001_FreeRTOS.elf" @"objects.list"   -mcpu=cortex-m0plus -T"C:\Users\devashishmishra\OneDrive - Nagarro\Devashish_work\Learning\FreeRTOS\WorkSpace\001_FreeRTOS\STM32L073RZTX_FLASH.ld" --specs=nosys.specs -Wl,-Map="001_FreeRTOS.map" -Wl,--gc-sections -static -specs=rdimon.specs -lc -lrdimon --specs=nano.specs -mfloat-abi=soft -mthumb -Wl,--start-group -lc -lm -Wl,--end-group
Finished building target: 001_FreeRTOS.elf
 
arm-none-eabi-size   001_FreeRTOS.elf 
arm-none-eabi-objdump -h -S  001_FreeRTOS.elf  > "001_FreeRTOS.list"
arm-none-eabi-objcopy  -O binary  001_FreeRTOS.elf  "001_FreeRTOS.bin"
   text	   data	    bss	    dec	    hex	filename
  19236	    132	   8740	  28108	   6dcc	001_FreeRTOS.elf
Finished building: default.size.stdout
 
Finished building: 001_FreeRTOS.bin
 
Finished building: 001_FreeRTOS.list
 
22:55:51 **** Incremental Build of configuration Debug for project 001_FreeRTOS ****
make -j4 all 
arm-none-eabi-gcc "../Core/Src/main.c" -mcpu=cortex-m0plus -std=gnu11 -g3 -DDEBUG -DUSE_HAL_DRIVER -DSTM32L073xx -c -I../Core/Inc -I"C:/Users/devashishmishra/OneDrive - Nagarro/Devashish_work/Learning/FreeRTOS/WorkSpace/001_FreeRTOS/ThirdParty/FreeRTOS" -I"C:/Users/devashishmishra/OneDrive - Nagarro/Devashish_work/Learning/FreeRTOS/WorkSpace/001_FreeRTOS/ThirdParty/FreeRTOS/include" -I"C:/Users/devashishmishra/OneDrive - Nagarro/Devashish_work/Learning/FreeRTOS/WorkSpace/001_FreeRTOS/ThirdParty/FreeRTOS/portable/GCC/ARM_CM0" -I../Drivers/STM32L0xx_HAL_Driver/Inc -I../Drivers/STM32L0xx_HAL_Driver/Inc/Legacy -I../Drivers/CMSIS/Device/ST/STM32L0xx/Include -I../Drivers/CMSIS/Include -O0 -ffunction-sections -fdata-sections -Wall -fstack-usage -MMD -MP -MF"Core/Src/main.d" -MT"Core/Src/main.o" --specs=nano.specs -mfloat-abi=soft -mthumb -o "Core/Src/main.o"
arm-none-eabi-gcc -o "001_FreeRTOS.elf" @"objects.list"   -mcpu=cortex-m0plus -T"C:\Users\devashishmishra\OneDrive - Nagarro\Devashish_work\Learning\FreeRTOS\WorkSpace\001_FreeRTOS\STM32L073RZTX_FLASH.ld" --specs=nosys.specs -Wl,-Map="001_FreeRTOS.map" -Wl,--gc-sections -static -specs=rdimon.specs -lc -lrdimon --specs=nano.specs -mfloat-abi=soft -mthumb -Wl,--start-group -lc -lm -Wl,--end-group
Finished building target: 001_FreeRTOS.elf
 
arm-none-eabi-size   001_FreeRTOS.elf 
arm-none-eabi-objdump -h -S  001_FreeRTOS.elf  > "001_FreeRTOS.list"
arm-none-eabi-objcopy  -O binary  001_FreeRTOS.elf  "001_FreeRTOS.bin"
   text	   data	    bss	    dec	    hex	filename
  19960	    140	   8748	  28848	   70b0	001_FreeRTOS.elf
Finished building: default.size.stdout
 
Finished building: 001_FreeRTOS.bin
 
Finished building: 001_FreeRTOS.list
 
22:56:44 **** Incremental Build of configuration Debug for project 001_FreeRTOS ****
make -j4 all 
arm-none-eabi-gcc "../Core/Src/main.c" -mcpu=cortex-m0plus -std=gnu11 -g3 -DDEBUG -DUSE_HAL_DRIVER -DSTM32L073xx -c -I../Core/Inc -I"C:/Users/devashishmishra/OneDrive - Nagarro/Devashish_work/Learning/FreeRTOS/WorkSpace/001_FreeRTOS/ThirdParty/FreeRTOS" -I"C:/Users/devashishmishra/OneDrive - Nagarro/Devashish_work/Learning/FreeRTOS/WorkSpace/001_FreeRTOS/ThirdParty/FreeRTOS/include" -I"C:/Users/devashishmishra/OneDrive - Nagarro/Devashish_work/Learning/FreeRTOS/WorkSpace/001_FreeRTOS/ThirdParty/FreeRTOS/portable/GCC/ARM_CM0" -I../Drivers/STM32L0xx_HAL_Driver/Inc -I../Drivers/STM32L0xx_HAL_Driver/Inc/Legacy -I../Drivers/CMSIS/Device/ST/STM32L0xx/Include -I../Drivers/CMSIS/Include -O0 -ffunction-sections -fdata-sections -Wall -fstack-usage -MMD -MP -MF"Core/Src/main.d" -MT"Core/Src/main.o" --specs=nano.specs -mfloat-abi=soft -mthumb -o "Core/Src/main.o"
arm-none-eabi-gcc -o "001_FreeRTOS.elf" @"objects.list"   -mcpu=cortex-m0plus -T"C:\Users\devashishmishra\OneDrive - Nagarro\Devashish_work\Learning\FreeRTOS\WorkSpace\001_FreeRTOS\STM32L073RZTX_FLASH.ld" --specs=nosys.specs -Wl,-Map="001_FreeRTOS.map" -Wl,--gc-sections -static -specs=rdimon.specs -lc -lrdimon --specs=nano.specs -mfloat-abi=soft -mthumb -Wl,--start-group -lc -lm -Wl,--end-group
Finished building target: 001_FreeRTOS.elf
 
arm-none-eabi-size   001_FreeRTOS.elf 
arm-none-eabi-objdump -h -S  001_FreeRTOS.elf  > "001_FreeRTOS.list"
arm-none-eabi-objcopy  -O binary  001_FreeRTOS.elf  "001_FreeRTOS.bin"
   text	   data	    bss	    dec	    hex	filename
  19960	    140	   8748	  28848	   70b0	001_FreeRTOS.elf
Finished building: default.size.stdout
 
Finished building: 001_FreeRTOS.bin
Finished building: 001_FreeRTOS.list
 
 
23:39:35 **** Incremental Build of configuration Debug for project 001_FreeRTOS ****
make -j4 all 
arm-none-eabi-gcc "../Core/Src/main.c" -mcpu=cortex-m0plus -std=gnu11 -g3 -DDEBUG -DUSE_HAL_DRIVER -DSTM32L073xx -c -I../Core/Inc -I"C:/Users/devashishmishra/OneDrive - Nagarro/Devashish_work/Learning/FreeRTOS/WorkSpace/001_FreeRTOS/ThirdParty/FreeRTOS" -I"C:/Users/devashishmishra/OneDrive - Nagarro/Devashish_work/Learning/FreeRTOS/WorkSpace/001_FreeRTOS/ThirdParty/FreeRTOS/include" -I"C:/Users/devashishmishra/OneDrive - Nagarro/Devashish_work/Learning/FreeRTOS/WorkSpace/001_FreeRTOS/ThirdParty/FreeRTOS/portable/GCC/ARM_CM0" -I../Drivers/STM32L0xx_HAL_Driver/Inc -I../Drivers/STM32L0xx_HAL_Driver/Inc/Legacy -I../Drivers/CMSIS/Device/ST/STM32L0xx/Include -I../Drivers/CMSIS/Include -O0 -ffunction-sections -fdata-sections -Wall -fstack-usage -MMD -MP -MF"Core/Src/main.d" -MT"Core/Src/main.o" --specs=nano.specs -mfloat-abi=soft -mthumb -o "Core/Src/main.o"
arm-none-eabi-gcc -o "001_FreeRTOS.elf" @"objects.list"   -mcpu=cortex-m0plus -T"C:\Users\devashishmishra\OneDrive - Nagarro\Devashish_work\Learning\FreeRTOS\WorkSpace\001_FreeRTOS\STM32L073RZTX_FLASH.ld" --specs=nosys.specs -Wl,-Map="001_FreeRTOS.map" -Wl,--gc-sections -static -specs=rdimon.specs -lc -lrdimon --specs=nano.specs -mfloat-abi=soft -mthumb -Wl,--start-group -lc -lm -Wl,--end-group
Finished building target: 001_FreeRTOS.elf
 
arm-none-eabi-size   001_FreeRTOS.elf 
arm-none-eabi-objdump -h -S  001_FreeRTOS.elf  > "001_FreeRTOS.list"
arm-none-eabi-objcopy  -O binary  001_FreeRTOS.elf  "001_FreeRTOS.bin"
   text	   data	    bss	    dec	    hex	filename
  19068	    140	   8748	  27956	   6d34	001_FreeRTOS.elf
Finished building: default.size.stdout
 
Finished building: 001_FreeRTOS.bin
 
Finished building: 001_FreeRTOS.list
 
