11:03:10 **** Incremental Build of configuration Debug for project Truehb_L0 ****
make -j4 all 
arm-none-eabi-gcc "../TrueHB_HAL/Src/Timer.c" -mcpu=cortex-m0plus -std=gnu11 -g3 -DSYSCLK_FREQ_HSI_32MHz -DSTM32L072XX_MD -DENABLE_USART '-DUSER_DEFINED_PLATFORM= USER_EVAL_PLATFORM' -DBLUENRG_MS -DDEBUG -DUSE_HAL_DRIVER -DSTM32L072xx -DTRUEHB_NONBLE -c -I"C:/Users/devashishmishra/Downloads/wrig_nano_truehb-develop-TrueHB_L0/TrueHB_L0/Core/Inc" -I"C:/Users/devashishmishra/Downloads/wrig_nano_truehb-develop-TrueHB_L0/TrueHB_L0/Middlewares/ST/BlueNRG-MS/hci/hci_tl_patterns/Basic" -I"C:/Users/devashishmishra/Downloads/wrig_nano_truehb-develop-TrueHB_L0/TrueHB_L0/Drivers/CMSIS/Include" -I"C:/Users/devashishmishra/Downloads/wrig_nano_truehb-develop-TrueHB_L0/TrueHB_L0/Drivers/CMSIS/Device/ST/STM32L0xx/Include" -I"C:/Users/devashishmishra/Downloads/wrig_nano_truehb-develop-TrueHB_L0/TrueHB_L0/Drivers/STM32L0xx_HAL_Driver/Inc" -I"C:/Users/devashishmishra/Downloads/wrig_nano_truehb-develop-TrueHB_L0/TrueHB_L0/BlueNRG_MS/App" -I"C:/Users/devashishmishra/Downloads/wrig_nano_truehb-develop-TrueHB_L0/TrueHB_L0/BlueNRG_MS/Target" -I"C:/Users/devashishmishra/Downloads/wrig_nano_truehb-develop-TrueHB_L0/TrueHB_L0/Middlewares/ST/BlueNRG-MS/includes" -I"C:/Users/devashishmishra/Downloads/wrig_nano_truehb-develop-TrueHB_L0/TrueHB_L0/Middlewares/ST/STM32_USB_Device_Library/Class/CDC/Inc" -I"C:/Users/devashishmishra/Downloads/wrig_nano_truehb-develop-TrueHB_L0/TrueHB_L0/Middlewares/ST/STM32_USB_Device_Library/Core/Inc" -I"C:/Users/devashishmishra/Downloads/wrig_nano_truehb-develop-TrueHB_L0/TrueHB_L0/TrueHB_App/Inc" -I"C:/Users/devashishmishra/Downloads/wrig_nano_truehb-develop-TrueHB_L0/TrueHB_L0/TrueHB_HAL/Inc" -I"C:/Users/devashishmishra/Downloads/wrig_nano_truehb-develop-TrueHB_L0/TrueHB_L0/USB_DEVICE/App" -I"C:/Users/devashishmishra/Downloads/wrig_nano_truehb-develop-TrueHB_L0/TrueHB_L0/USB_DEVICE/Target" -I"C:/Users/devashishmishra/Downloads/wrig_nano_truehb-develop-TrueHB_L0/TrueHB_L0/Middlewares/ST/BlueNRG-MS/utils" -I../USB_DEVICE/Target -I../Middlewares/ST/STM32_USB_Device_Library/Core/Inc -I../Middlewares/ST/BlueNRG-MS/utils -I../Middlewares/ST/BlueNRG-MS/hci/hci_tl_patterns/Basic -I../Middlewares/ST/BlueNRG-MS/includes -I../Drivers/CMSIS/Include -I../Core/Inc -I../Middlewares/ST/STM32_USB_Device_Library/Class/CDC/Inc -I../Drivers/STM32L0xx_HAL_Driver/Inc -I../USB_DEVICE/App -I../Drivers/CMSIS/Device/ST/STM32L0xx/Include -I../Drivers/STM32L0xx_HAL_Driver/Inc/Legacy -I"C:/Users/devashishmishra/Downloads/wrig_nano_truehb-develop-TrueHB_L0/TrueHB_L0/BlueNRG_MS" -Os -ffunction-sections -fdata-sections -Wall -fstack-usage -MMD -MP -MF"TrueHB_HAL/Src/Timer.d" -MT"TrueHB_HAL/Src/Timer.o" --specs=nano.specs -mfloat-abi=soft -mthumb -o "TrueHB_HAL/Src/Timer.o"
arm-none-eabi-gcc -o "Truehb_L0.elf" @"objects.list"   -mcpu=cortex-m0plus -T"C:\Users\devashishmishra\Downloads\wrig_nano_truehb-develop-TrueHB_L0\TrueHB_L0\STM32L072CZTX_FLASH.ld" --specs=nosys.specs -Wl,-Map="Truehb_L0.map" -Wl,--gc-sections -static --specs=nano.specs -mfloat-abi=soft -mthumb -Wl,--start-group -lc -lm -Wl,--end-group
Finished building target: Truehb_L0.elf
 
arm-none-eabi-size   Truehb_L0.elf 
arm-none-eabi-objdump -h -S  Truehb_L0.elf  > "Truehb_L0.list"
arm-none-eabi-objcopy  -O ihex  Truehb_L0.elf  "Truehb_L0.hex"
   text	   data	    bss	    dec	    hex	filename
  23436	    448	   7328	  31212	   79ec	Truehb_L0.elf
arm-none-eabi-objcopy  -O binary  Truehb_L0.elf  "Truehb_L0.bin"
Finished building: default.size.stdout
 
Finished building: Truehb_L0.hex
Finished building: Truehb_L0.bin
 
 
Finished building: Truehb_L0.list
 

11:03:14 Build Finished. 0 errors, 0 warnings. (took 3s.411ms)

